Component: ARM Compiler 5.06 update 5 (build 528) Tool: armlink [4d35e2]

==============================================================================

Section Cross References

    startup_stm32f103xb.o(RESET) refers to startup_stm32f103xb.o(STACK) for __initial_sp
    startup_stm32f103xb.o(RESET) refers to startup_stm32f103xb.o(.text) for Reset_Handler
    startup_stm32f103xb.o(RESET) refers to stm32f1xx_it.o(i.NMI_Handler) for NMI_Handler
    startup_stm32f103xb.o(RESET) refers to stm32f1xx_it.o(i.HardFault_Handler) for HardFault_Handler
    startup_stm32f103xb.o(RESET) refers to stm32f1xx_it.o(i.MemManage_Handler) for MemManage_Handler
    startup_stm32f103xb.o(RESET) refers to stm32f1xx_it.o(i.BusFault_Handler) for BusFault_Handler
    startup_stm32f103xb.o(RESET) refers to stm32f1xx_it.o(i.UsageFault_Handler) for UsageFault_Handler
    startup_stm32f103xb.o(RESET) refers to stm32f1xx_it.o(i.SVC_Handler) for SVC_Handler
    startup_stm32f103xb.o(RESET) refers to stm32f1xx_it.o(i.DebugMon_Handler) for DebugMon_Handler
    startup_stm32f103xb.o(RESET) refers to stm32f1xx_it.o(i.PendSV_Handler) for PendSV_Handler
    startup_stm32f103xb.o(RESET) refers to stm32f1xx_it.o(i.SysTick_Handler) for SysTick_Handler
    startup_stm32f103xb.o(RESET) refers to stm32f1xx_it.o(i.DMA1_Channel2_IRQHandler) for DMA1_Channel2_IRQHandler
    startup_stm32f103xb.o(RESET) refers to stm32f1xx_it.o(i.DMA1_Channel3_IRQHandler) for DMA1_Channel3_IRQHandler
    startup_stm32f103xb.o(RESET) refers to stm32f1xx_it.o(i.DMA1_Channel4_IRQHandler) for DMA1_Channel4_IRQHandler
    startup_stm32f103xb.o(RESET) refers to stm32f1xx_it.o(i.DMA1_Channel5_IRQHandler) for DMA1_Channel5_IRQHandler
    startup_stm32f103xb.o(RESET) refers to stm32f1xx_it.o(i.DMA1_Channel6_IRQHandler) for DMA1_Channel6_IRQHandler
    startup_stm32f103xb.o(RESET) refers to stm32f1xx_it.o(i.DMA1_Channel7_IRQHandler) for DMA1_Channel7_IRQHandler
    startup_stm32f103xb.o(RESET) refers to stm32f1xx_it.o(i.USB_LP_CAN1_RX0_IRQHandler) for USB_LP_CAN1_RX0_IRQHandler
    startup_stm32f103xb.o(RESET) refers to stm32f1xx_it.o(i.TIM2_IRQHandler) for TIM2_IRQHandler
    startup_stm32f103xb.o(RESET) refers to stm32f1xx_it.o(i.TIM3_IRQHandler) for TIM3_IRQHandler
    startup_stm32f103xb.o(RESET) refers to stm32f1xx_it.o(i.USART1_IRQHandler) for USART1_IRQHandler
    startup_stm32f103xb.o(RESET) refers to stm32f1xx_it.o(i.USART2_IRQHandler) for USART2_IRQHandler
    startup_stm32f103xb.o(RESET) refers to stm32f1xx_it.o(i.USART3_IRQHandler) for USART3_IRQHandler
    startup_stm32f103xb.o(.text) refers to system_stm32f1xx.o(i.SystemInit) for SystemInit
    startup_stm32f103xb.o(.text) refers to entry.o(.ARM.Collect$$$$00000000) for __main
    main.o(i.SystemClock_Config) refers to memseta.o(.text) for __aeabi_memclr4
    main.o(i.SystemClock_Config) refers to stm32f1xx_hal_rcc.o(i.HAL_RCC_OscConfig) for HAL_RCC_OscConfig
    main.o(i.SystemClock_Config) refers to stm32f1xx_hal_rcc.o(i.HAL_RCC_ClockConfig) for HAL_RCC_ClockConfig
    main.o(i.main) refers to stm32f1xx_hal.o(i.HAL_Init) for HAL_Init
    main.o(i.main) refers to main.o(i.SystemClock_Config) for SystemClock_Config
    main.o(i.main) refers to gpio.o(i.MX_GPIO_Init) for MX_GPIO_Init
    main.o(i.main) refers to dma.o(i.MX_DMA_Init) for MX_DMA_Init
    main.o(i.main) refers to can.o(i.MX_CAN_Init) for MX_CAN_Init
    main.o(i.main) refers to spi.o(i.MX_SPI1_Init) for MX_SPI1_Init
    main.o(i.main) refers to spi.o(i.MX_SPI2_Init) for MX_SPI2_Init
    main.o(i.main) refers to tim.o(i.MX_TIM2_Init) for MX_TIM2_Init
    main.o(i.main) refers to tim.o(i.MX_TIM3_Init) for MX_TIM3_Init
    main.o(i.main) refers to usart.o(i.MX_USART1_UART_Init) for MX_USART1_UART_Init
    main.o(i.main) refers to usart.o(i.MX_USART2_UART_Init) for MX_USART2_UART_Init
    main.o(i.main) refers to usart.o(i.MX_USART3_UART_Init) for MX_USART3_UART_Init
    main.o(i.main) refers to app.o(i.ApplicationProgram_main) for ApplicationProgram_main
    gpio.o(i.MX_GPIO_Init) refers to stm32f1xx_hal_gpio.o(i.HAL_GPIO_WritePin) for HAL_GPIO_WritePin
    gpio.o(i.MX_GPIO_Init) refers to stm32f1xx_hal_gpio.o(i.HAL_GPIO_Init) for HAL_GPIO_Init
    can.o(i.HAL_CAN_MspDeInit) refers to stm32f1xx_hal_gpio.o(i.HAL_GPIO_DeInit) for HAL_GPIO_DeInit
    can.o(i.HAL_CAN_MspDeInit) refers to stm32f1xx_hal_cortex.o(i.HAL_NVIC_DisableIRQ) for HAL_NVIC_DisableIRQ
    can.o(i.HAL_CAN_MspInit) refers to stm32f1xx_hal_gpio.o(i.HAL_GPIO_Init) for HAL_GPIO_Init
    can.o(i.HAL_CAN_MspInit) refers to stm32f1xx_hal_cortex.o(i.HAL_NVIC_SetPriority) for HAL_NVIC_SetPriority
    can.o(i.HAL_CAN_MspInit) refers to stm32f1xx_hal_cortex.o(i.HAL_NVIC_EnableIRQ) for HAL_NVIC_EnableIRQ
    can.o(i.MX_CAN_Init) refers to stm32f1xx_hal_can.o(i.HAL_CAN_Init) for HAL_CAN_Init
    can.o(i.MX_CAN_Init) refers to main.o(i.Error_Handler) for Error_Handler
    can.o(i.MX_CAN_Init) refers to can.o(.bss) for .bss
[...]
    ..\Src\spi.c                             0x00000000   Number         0  spi.o ABSOLUTE
    ..\Src\stm32f1xx_hal_msp.c               0x00000000   Number         0  stm32f1xx_hal_msp.o ABSOLUTE
    ..\Src\stm32f1xx_it.c                    0x00000000   Number         0  stm32f1xx_it.o ABSOLUTE
    ..\Src\system_stm32f1xx.c                0x00000000   Number         0  system_stm32f1xx.o ABSOLUTE
    ..\Src\tim.c                             0x00000000   Number         0  tim.o ABSOLUTE
    ..\Src\usart.c                           0x00000000   Number         0  usart.o ABSOLUTE
    ..\\FunctionCode\\APP\\app.c             0x00000000   Number         0  app.o ABSOLUTE
    ..\\FunctionCode\\APP\\data.c            0x00000000   Number         0  data.o ABSOLUTE
    ..\\FunctionCode\\BSP\\BSP_HAL_CAN\\bsp_hal_can.c 0x00000000   Number         0  bsp_hal_can.o ABSOLUTE
    ..\\FunctionCode\\BSP\\BSP_HAL_GPIO\\bsp_hal_gpio.c 0x00000000   Number         0  bsp_hal_gpio.o ABSOLUTE
    ..\\FunctionCode\\BSP\\BSP_HAL_PS2\\bsp_hal_ps2.c 0x00000000   Number         0  bsp_hal_ps2.o ABSOLUTE
    ..\\FunctionCode\\BSP\\BSP_HAL_TIME\\bsp_hal_time.c 0x00000000   Number         0  bsp_hal_time.o ABSOLUTE
    ..\\FunctionCode\\CAN_Communication\\CAN_Communication.c 0x00000000   Number         0  can_communication.o ABSOLUTE
    ..\\FunctionCode\\CAN_Communication\\CAN_Communication_canconfig.c 0x00000000   Number         0  can_communication_canconfig.o ABSOLUTE
    ..\\FunctionCode\\CAN_Communication\\SlaveControlPanel\\SLAVE_DCMotorMiniwatt\\SLAVE_DCMotorMiniwatt.c 0x00000000   Number         0  slave_dcmotorminiwatt.o ABSOLUTE
    ..\\FunctionCode\\CAN_Communication\\SlaveControlPanel\\SLAVE_SteeringEngine_6CH\\SLAVE_SteeringEngine_6CH.c 0x00000000   Number         0  slave_steeringengine_6ch.o ABSOLUTE
    cdcmple.s                                0x00000000   Number         0  cdcmple.o ABSOLUTE
    cfcmple.s                                0x00000000   Number         0  cfcmple.o ABSOLUTE
    cfrcmple.s                               0x00000000   Number         0  cfrcmple.o ABSOLUTE
    dc.s                                     0x00000000   Number         0  dc.o ABSOLUTE
    handlers.s                               0x00000000   Number         0  handlers.o ABSOLUTE
    init.s                                   0x00000000   Number         0  init.o ABSOLUTE
    startup_stm32f103xb.s                    0x00000000   Number         0  startup_stm32f103xb.o ABSOLUTE
    RESET                                    0x08000000   Section      236  startup_stm32f103xb.o(RESET)
    .ARM.Collect$$$$00000000                 0x080000ec   Section        0  entry.o(.ARM.Collect$$$$00000000)
    .ARM.Collect$$$$00000001                 0x080000ec   Section        4  entry2.o(.ARM.Collect$$$$00000001)
    .ARM.Collect$$$$00000004                 0x080000f0   Section        4  entry5.o(.ARM.Collect$$$$00000004)
    .ARM.Collect$$$$00000008                 0x080000f4   Section        0  entry7b.o(.ARM.Collect$$$$00000008)
    .ARM.Collect$$$$0000000A                 0x080000f4   Section        0  entry8b.o(.ARM.Collect$$$$0000000A)
    .ARM.Collect$$$$0000000B                 0x080000f4   Section        8  entry9a.o(.ARM.Collect$$$$0000000B)
    .ARM.Collect$$$$0000000D                 0x080000fc   Section        0  entry10a.o(.ARM.Collect$$$$0000000D)
    .ARM.Collect$$$$0000000F                 0x080000fc   Section        0  entry11a.o(.ARM.Collect$$$$0000000F)
    .ARM.Collect$$$$00002712                 0x080000fc   Section        4  entry2.o(.ARM.Collect$$$$00002712)
    __lit__00000000                          0x080000fc   Data           4  entry2.o(.ARM.Collect$$$$00002712)
    .text                                    0x08000100   Section       36  startup_stm32f103xb.o(.text)
    .text                                    0x08000124   Section        0  memcpya.o(.text)
    .text                                    0x08000148   Section        0  memseta.o(.text)
    .text                                    0x0800016c   Section        0  fadd.o(.text)
    .text                                    0x0800021c   Section        0  fmul.o(.text)
    .text                                    0x08000280   Section        0  fscalb.o(.text)
    .text                                    0x08000298   Section        0  fflti.o(.text)
    .text                                    0x080002aa   Section        0  ffltui.o(.text)
    .text                                    0x080002b4   Section        0  ffixi.o(.text)
    .text                                    0x080002e8   Section       20  cfrcmple.o(.text)
    .text                                    0x080002fc   Section        0  iusefp.o(.text)
    .text                                    0x080002fc   Section        0  fepilogue.o(.text)
    .text                                    0x0800036c   Section       36  init.o(.text)
    i.ApplicationProgram_Iint                0x08000390   Section        0  app.o(i.ApplicationProgram_Iint)
    ApplicationProgram_Iint                  0x08000391   Thumb Code   570  app.o(i.ApplicationProgram_Iint)
    i.ApplicationProgram_main                0x0800062c   Section        0  app.o(i.ApplicationProgram_main)
    i.Arm1PWMAdd                             0x08000804   Section        0  app.o(i.Arm1PWMAdd)
    Arm1PWMAdd                               0x08000805   Thumb Code    36  app.o(i.Arm1PWMAdd)
    i.Arm1PWMMinus                           0x0800082c   Section        0  app.o(i.Arm1PWMMinus)
    Arm1PWMMinus                             0x0800082d   Thumb Code    36  app.o(i.Arm1PWMMinus)
    i.Arm2PWMAdd                             0x08000854   Section        0  app.o(i.Arm2PWMAdd)
    Arm2PWMAdd                               0x08000855   Thumb Code    36  app.o(i.Arm2PWMAdd)
    i.Arm2PWMMinus                           0x0800087c   Section        0  app.o(i.Arm2PWMMinus)
    Arm2PWMMinus                             0x0800087d   Thumb Code    36  app.o(i.Arm2PWMMinus)
    i.Arm3PWMAdd                             0x080008a4   Section        0  app.o(i.Arm3PWMAdd)
    Arm3PWMAdd                               0x080008a5   Thumb Code    36  app.o(i.Arm3PWMAdd)
    i.Arm3PWMMinus                           0x080008cc   Section        0  app.o(i.Arm3PWMMinus)
    Arm3PWMMinus                             0x080008cd   Thumb Code    36  app.o(i.Arm3PWMMinus)
    i.Bsp_Cancom_ConfigurationInit           0x080008f4   Section        0  bsp_hal_can.o(i.Bsp_Cancom_ConfigurationInit)
    i.Bsp_Cancom_FilterInit                  0x080008f8   Section        0  bsp_hal_can.o(i.Bsp_Cancom_FilterInit)
    i.Bsp_Cancom_ReadERR                     0x080008fc   Section        0  bsp_hal_can.o(i.Bsp_Cancom_ReadERR)
    i.BusFault_Handler                       0x08000908   Section        0  stm32f1xx_it.o(i.BusFault_Handler)
    i.CANCommunication_InformationParsing    0x0800090c   Section        0  can_communication.o(i.CANCommunication_InformationParsing)
    CANCommunication_InformationParsing      0x0800090d   Thumb Code   182  can_communication.o(i.CANCommunication_InformationParsing)
    i.CANCommunication_Init                  0x080009cc   Section        0  can_communication.o(i.CANCommunication_Init)
    i.CANCommunication_Scan                  0x080009e8   Section        0  can_communication.o(i.CANCommunication_Scan)
    i.CANSend                                0x08000b98   Section        0  bsp_hal_can.o(i.CANSend)
    i.CAN_OutQueue                           0x08000bc8   Section        0  bsp_hal_can.o(i.CAN_OutQueue)
    i.CAN_TT_ASYNC_Enable                    0x08000bfc   Section        0  can_communication.o(i.CAN_TT_ASYNC_Enable)
    i.ClawPWMAdd                             0x08000c20   Section        0  app.o(i.ClawPWMAdd)
    ClawPWMAdd                               0x08000c21   Thumb Code    36  app.o(i.ClawPWMAdd)
    i.ClawPWMMinus                           0x08000c48   Section        0  app.o(i.ClawPWMMinus)
    ClawPWMMinus                             0x08000c49   Thumb Code    36  app.o(i.ClawPWMMinus)
    i.DMA1_Channel2_IRQHandler               0x08000c70   Section        0  stm32f1xx_it.o(i.DMA1_Channel2_IRQHandler)
    i.DMA1_Channel3_IRQHandler               0x08000c7c   Section        0  stm32f1xx_it.o(i.DMA1_Channel3_IRQHandler)
    i.DMA1_Channel4_IRQHandler               0x08000c88   Section        0  stm32f1xx_it.o(i.DMA1_Channel4_IRQHandler)
    i.DMA1_Channel5_IRQHandler               0x08000c94   Section        0  stm32f1xx_it.o(i.DMA1_Channel5_IRQHandler)
    i.DMA1_Channel6_IRQHandler               0x08000ca0   Section        0  stm32f1xx_it.o(i.DMA1_Channel6_IRQHandler)
    i.DMA1_Channel7_IRQHandler               0x08000cac   Section        0  stm32f1xx_it.o(i.DMA1_Channel7_IRQHandler)
    i.DebugMon_Handler                       0x08000cb8   Section        0  stm32f1xx_it.o(i.DebugMon_Handler)
    i.Error_Handler                          0x08000cba   Section        0  main.o(i.Error_Handler)
    i.GetReferenceFromDevice                 0x08000cbc   Section        0  can_communication_canconfig.o(i.GetReferenceFromDevice)
    i.GetReferenceToDevice                   0x08000cbe   Section        0  can_communication_canconfig.o(i.GetReferenceToDevice)
    i.HAL_CAN_ActivateNotification           0x08000cc0   Section        0  stm32f1xx_hal_can.o(i.HAL_CAN_ActivateNotification)
    i.HAL_CAN_AddTxMessage                   0x08000ce4   Section        0  stm32f1xx_hal_can.o(i.HAL_CAN_AddTxMessage)
    i.HAL_CAN_ConfigFilter                   0x08000dac   Section        0  stm32f1xx_hal_can.o(i.HAL_CAN_ConfigFilter)
    i.HAL_CAN_ErrorCallback                  0x08000e9a   Section        0  stm32f1xx_hal_can.o(i.HAL_CAN_ErrorCallback)
    i.HAL_CAN_GetRxMessage                   0x08000e9c   Section        0  stm32f1xx_hal_can.o(i.HAL_CAN_GetRxMessage)
    i.HAL_CAN_IRQHandler                     0x08000f84   Section        0  stm32f1xx_hal_can.o(i.HAL_CAN_IRQHandler)
    i.HAL_CAN_Init                           0x08001180   Section        0  stm32f1xx_hal_can.o(i.HAL_CAN_Init)
    i.HAL_CAN_MspInit                        0x0800129c   Section        0  can.o(i.HAL_CAN_MspInit)
    i.HAL_CAN_RxFifo0FullCallback            0x08001330   Section        0  stm32f1xx_hal_can.o(i.HAL_CAN_RxFifo0FullCallback)
    i.HAL_CAN_RxFifo0MsgPendingCallback      0x08001334   Section        0  bsp_hal_can.o(i.HAL_CAN_RxFifo0MsgPendingCallback)
    i.HAL_CAN_RxFifo1FullCallback            0x080013d0   Section        0  stm32f1xx_hal_can.o(i.HAL_CAN_RxFifo1FullCallback)
    i.HAL_CAN_RxFifo1MsgPendingCallback      0x080013d2   Section        0  stm32f1xx_hal_can.o(i.HAL_CAN_RxFifo1MsgPendingCallback)
    i.HAL_CAN_SleepCallback                  0x080013d4   Section        0  stm32f1xx_hal_can.o(i.HAL_CAN_SleepCallback)
    i.HAL_CAN_Start                          0x080013d8   Section        0  stm32f1xx_hal_can.o(i.HAL_CAN_Start)
    i.HAL_CAN_TxMailbox0AbortCallback        0x08001430   Section        0  stm32f1xx_hal_can.o(i.HAL_CAN_TxMailbox0AbortCallback)
    i.HAL_CAN_TxMailbox0CompleteCallback     0x08001432   Section        0  stm32f1xx_hal_can.o(i.HAL_CAN_TxMailbox0CompleteCallback)
    i.HAL_CAN_TxMailbox1AbortCallback        0x08001434   Section        0  stm32f1xx_hal_can.o(i.HAL_CAN_TxMailbox1AbortCallback)
    i.HAL_CAN_TxMailbox1CompleteCallback     0x08001436   Section        0  stm32f1xx_hal_can.o(i.HAL_CAN_TxMailbox1CompleteCallback)
    i.HAL_CAN_TxMailbox2AbortCallback        0x08001438   Section        0  stm32f1xx_hal_can.o(i.HAL_CAN_TxMailbox2AbortCallback)
    i.HAL_CAN_TxMailbox2CompleteCallback     0x0800143a   Section        0  stm32f1xx_hal_can.o(i.HAL_CAN_TxMailbox2CompleteCallback)
    i.HAL_CAN_WakeUpFromRxMsgCallback        0x0800143c   Section        0  stm32f1xx_hal_can.o(i.HAL_CAN_WakeUpFromRxMsgCallback)
    i.HAL_DMA_Abort_IT                       0x08001440   Section        0  stm32f1xx_hal_dma.o(i.HAL_DMA_Abort_IT)
    i.HAL_DMA_IRQHandler                     0x080014d8   Section        0  stm32f1xx_hal_dma.o(i.HAL_DMA_IRQHandler)
    i.HAL_DMA_Init                           0x0800162c   Section        0  stm32f1xx_hal_dma.o(i.HAL_DMA_Init)
    i.HAL_Delay                              0x08001688   Section        0  stm32f1xx_hal.o(i.HAL_Delay)
    i.HAL_GPIO_Init                          0x080016ac   Section        0  stm32f1xx_hal_gpio.o(i.HAL_GPIO_Init)
    i.HAL_GPIO_ReadPin                       0x0800188c   Section        0  stm32f1xx_hal_gpio.o(i.HAL_GPIO_ReadPin)
    i.HAL_GPIO_WritePin                      0x08001896   Section        0  stm32f1xx_hal_gpio.o(i.HAL_GPIO_WritePin)
    i.HAL_GetTick                            0x080018a0   Section        0  stm32f1xx_hal.o(i.HAL_GetTick)
    i.HAL_IncTick                            0x080018ac   Section        0  stm32f1xx_hal.o(i.HAL_IncTick)
    i.HAL_Init                               0x080018bc   Section        0  stm32f1xx_hal.o(i.HAL_Init)
    i.HAL_InitTick                           0x080018e0   Section        0  stm32f1xx_hal.o(i.HAL_InitTick)
    i.HAL_MspInit                            0x08001920   Section        0  stm32f1xx_hal_msp.o(i.HAL_MspInit)
    i.HAL_NVIC_EnableIRQ                     0x0800195c   Section        0  stm32f1xx_hal_cortex.o(i.HAL_NVIC_EnableIRQ)
    i.HAL_NVIC_SetPriority                   0x08001978   Section        0  stm32f1xx_hal_cortex.o(i.HAL_NVIC_SetPriority)
    i.HAL_NVIC_SetPriorityGrouping           0x080019b8   Section        0  stm32f1xx_hal_cortex.o(i.HAL_NVIC_SetPriorityGrouping)
    i.HAL_RCC_ClockConfig                    0x080019dc   Section        0  stm32f1xx_hal_rcc.o(i.HAL_RCC_ClockConfig)
    i.HAL_RCC_GetPCLK1Freq                   0x08001b08   Section        0  stm32f1xx_hal_rcc.o(i.HAL_RCC_GetPCLK1Freq)
    i.HAL_RCC_GetPCLK2Freq                   0x08001b28   Section        0  stm32f1xx_hal_rcc.o(i.HAL_RCC_GetPCLK2Freq)
    i.HAL_RCC_GetSysClockFreq                0x08001b48   Section        0  stm32f1xx_hal_rcc.o(i.HAL_RCC_GetSysClockFreq)
    i.HAL_RCC_OscConfig                      0x08001bb4   Section        0  stm32f1xx_hal_rcc.o(i.HAL_RCC_OscConfig)
    i.HAL_SPI_Init                           0x08001ed4   Section        0  stm32f1xx_hal_spi.o(i.HAL_SPI_Init)
    i.HAL_SPI_MspInit                        0x08001f50   Section        0  spi.o(i.HAL_SPI_MspInit)
    i.HAL_SYSTICK_Config                     0x08002008   Section        0  stm32f1xx_hal_cortex.o(i.HAL_SYSTICK_Config)
    i.HAL_TIMEx_BreakCallback                0x08002030   Section        0  stm32f1xx_hal_tim_ex.o(i.HAL_TIMEx_BreakCallback)
    i.HAL_TIMEx_CommutCallback               0x08002032   Section        0  stm32f1xx_hal_tim_ex.o(i.HAL_TIMEx_CommutCallback)
    i.HAL_TIMEx_MasterConfigSynchronization  0x08002034   Section        0  stm32f1xx_hal_tim_ex.o(i.HAL_TIMEx_MasterConfigSynchronization)
    i.HAL_TIM_Base_Init                      0x08002076   Section        0  stm32f1xx_hal_tim.o(i.HAL_TIM_Base_Init)
    i.HAL_TIM_Base_MspInit                   0x080020ac   Section        0  tim.o(i.HAL_TIM_Base_MspInit)
    i.HAL_TIM_Base_Start_IT                  0x0800210c   Section        0  stm32f1xx_hal_tim.o(i.HAL_TIM_Base_Start_IT)
    i.HAL_TIM_ConfigClockSource              0x0800212e   Section        0  stm32f1xx_hal_tim.o(i.HAL_TIM_ConfigClockSource)
    i.HAL_TIM_IC_CaptureCallback             0x08002204   Section        0  stm32f1xx_hal_tim.o(i.HAL_TIM_IC_CaptureCallback)
    i.HAL_TIM_IRQHandler                     0x08002206   Section        0  stm32f1xx_hal_tim.o(i.HAL_TIM_IRQHandler)
    i.HAL_TIM_OC_DelayElapsedCallback        0x0800236c   Section        0  stm32f1xx_hal_tim.o(i.HAL_TIM_OC_DelayElapsedCallback)
    i.HAL_TIM_PWM_PulseFinishedCallback      0x0800236e   Section        0  stm32f1xx_hal_tim.o(i.HAL_TIM_PWM_PulseFinishedCallback)
    i.HAL_TIM_PeriodElapsedCallback          0x08002370   Section        0  bsp_hal_time.o(i.HAL_TIM_PeriodElapsedCallback)
    i.HAL_TIM_TriggerCallback                0x080023a0   Section        0  stm32f1xx_hal_tim.o(i.HAL_TIM_TriggerCallback)
    i.HAL_UART_ErrorCallback                 0x080023a2   Section        0  stm32f1xx_hal_uart.o(i.HAL_UART_ErrorCallback)
    i.HAL_UART_IRQHandler                    0x080023a4   Section        0  stm32f1xx_hal_uart.o(i.HAL_UART_IRQHandler)
    i.HAL_UART_Init                          0x080024b4   Section        0  stm32f1xx_hal_uart.o(i.HAL_UART_Init)
    i.HAL_UART_MspInit                       0x08002518   Section        0  usart.o(i.HAL_UART_MspInit)
    i.HAL_UART_RxCpltCallback                0x08002798   Section        0  stm32f1xx_hal_uart.o(i.HAL_UART_RxCpltCallback)
    i.HAL_UART_TxCpltCallback                0x0800279a   Section        0  stm32f1xx_hal_uart.o(i.HAL_UART_TxCpltCallback)
    i.HAL_USER_CANFilterConfig               0x0800279c   Section        0  bsp_hal_can.o(i.HAL_USER_CANFilterConfig)
    HAL_USER_CANFilterConfig                 0x0800279d   Thumb Code    76  bsp_hal_can.o(i.HAL_USER_CANFilterConfig)
    i.HardFault_Handler                      0x080027ec   Section        0  stm32f1xx_it.o(i.HardFault_Handler)
    i.InitialUsedPGs                         0x080027f0   Section        0  can_communication_canconfig.o(i.InitialUsedPGs)
    i.MX_CAN_Init                            0x08002818   Section        0  can.o(i.MX_CAN_Init)
    i.MX_DMA_Init                            0x08002860   Section        0  dma.o(i.MX_DMA_Init)
    i.MX_GPIO_Init                           0x080028dc   Section        0  gpio.o(i.MX_GPIO_Init)
    i.MX_SPI1_Init                           0x08002a14   Section        0  spi.o(i.MX_SPI1_Init)
    i.MX_SPI2_Init                           0x08002a5c   Section        0  spi.o(i.MX_SPI2_Init)
    i.MX_TIM2_Init                           0x08002aa0   Section        0  tim.o(i.MX_TIM2_Init)
    i.MX_TIM3_Init                           0x08002b04   Section        0  tim.o(i.MX_TIM3_Init)
    i.MX_USART1_UART_Init                    0x08002b6c   Section        0  usart.o(i.MX_USART1_UART_Init)
    i.MX_USART2_UART_Init                    0x08002ba4   Section        0  usart.o(i.MX_USART2_UART_Init)
    i.MX_USART3_UART_Init                    0x08002bdc   Section        0  usart.o(i.MX_USART3_UART_Init)
    i.MemManage_Handler                      0x08002c14   Section        0  stm32f1xx_it.o(i.MemManage_Handler)
    i.NMI_Handler                            0x08002c16   Section        0  stm32f1xx_it.o(i.NMI_Handler)
    i.PID_Calc                               0x08002c18   Section        0  pid.o(i.PID_Calc)
    i.PID_CascadeCalc                        0x08002d38   Section        0  pid.o(i.PID_CascadeCalc)
    i.PID_Cascade_Init                       0x08002d54   Section        0  app.o(i.PID_Cascade_Init)
    i.PID_Init                               0x08002e34   Section        0  pid.o(i.PID_Init)
    i.PID_out                                0x08002e58   Section        0  app.o(i.PID_out)
    i.PS2_ClearData                          0x08002f90   Section        0  bsp_hal_ps2.o(i.PS2_ClearData)
    i.PS2_Cmd                                0x08002fac   Section        0  bsp_hal_ps2.o(i.PS2_Cmd)
    PS2_Cmd                                  0x08002fad   Thumb Code   144  bsp_hal_ps2.o(i.PS2_Cmd)
    i.PS2_ReadData                           0x08003040   Section        0  bsp_hal_ps2.o(i.PS2_ReadData)
    i.PS2_RedLight                           0x08003108   Section        0  bsp_hal_ps2.o(i.PS2_RedLight)
    i.PS2_SetInit                            0x08003148   Section        0  bsp_hal_ps2.o(i.PS2_SetInit)
    i.PS2_ShortPoll                          0x080032d8   Section        0  bsp_hal_ps2.o(i.PS2_ShortPoll)
    PS2_ShortPoll                            0x080032d9   Thumb Code    70  bsp_hal_ps2.o(i.PS2_ShortPoll)
    i.PendSV_Handler                         0x08003324   Section        0  stm32f1xx_it.o(i.PendSV_Handler)
    i.QueueOverflow_Dispose                  0x08003326   Section        0  can_communication.o(i.QueueOverflow_Dispose)
    i.RotaryPWMAdd                           0x0800332c   Section        0  app.o(i.RotaryPWMAdd)
    RotaryPWMAdd                             0x0800332d   Thumb Code    36  app.o(i.RotaryPWMAdd)
    i.RotaryPWMMinus                         0x08003354   Section        0  app.o(i.RotaryPWMMinus)
    RotaryPWMMinus                           0x08003355   Thumb Code    36  app.o(i.RotaryPWMMinus)
    i.SLAVE_DCMotorMiniwatt_CANinit          0x0800337c   Section        0  slave_dcmotorminiwatt.o(i.SLAVE_DCMotorMiniwatt_CANinit)
    i.SLAVE_DCMotorMiniwatt_Init             0x0800339c   Section        0  slave_dcmotorminiwatt.o(i.SLAVE_DCMotorMiniwatt_Init)
    i.SLAVE_DCMotorMiniwatt_PlaceRead        0x080033dc   Section        0  slave_dcmotorminiwatt.o(i.SLAVE_DCMotorMiniwatt_PlaceRead)
    i.SLAVE_DCMotorMiniwatt_ProtocolDefinitions 0x080033e0   Section        0  slave_dcmotorminiwatt.o(i.SLAVE_DCMotorMiniwatt_ProtocolDefinitions)
    SLAVE_DCMotorMiniwatt_ProtocolDefinitions 0x080033e1   Thumb Code   228  slave_dcmotorminiwatt.o(i.SLAVE_DCMotorMiniwatt_ProtocolDefinitions)
    i.SLAVE_DCMotorMiniwatt_SpeedRead        0x080034c4   Section        0  slave_dcmotorminiwatt.o(i.SLAVE_DCMotorMiniwatt_SpeedRead)
    i.SLAVE_DCMotorMiniwatt_SpeedSet         0x080034d2   Section        0  slave_dcmotorminiwatt.o(i.SLAVE_DCMotorMiniwatt_SpeedSet)
    i.SLAVE_SteeringEngine6CH_CANinit        0x080034e0   Section        0  slave_steeringengine_6ch.o(i.SLAVE_SteeringEngine6CH_CANinit)
    i.SLAVE_SteeringEngine6CH_Init           0x08003500   Section        0  slave_steeringengine_6ch.o(i.SLAVE_SteeringEngine6CH_Init)
    i.SLAVE_SteeringEngine6CH_MoreMotorControl 0x08003534   Section        0  slave_steeringengine_6ch.o(i.SLAVE_SteeringEngine6CH_MoreMotorControl)
    i.SLAVE_SteeringEngine_6CH_ProtocolDefinitions 0x08003690   Section        0  slave_steeringengine_6ch.o(i.SLAVE_SteeringEngine_6CH_ProtocolDefinitions)
    SLAVE_SteeringEngine_6CH_ProtocolDefinitions 0x08003691   Thumb Code   314  slave_steeringengine_6ch.o(i.SLAVE_SteeringEngine_6CH_ProtocolDefinitions)
    i.SVC_Handler                            0x080037ca   Section        0  stm32f1xx_it.o(i.SVC_Handler)
    i.SendUsedPG                             0x080037cc   Section        0  can_communication.o(i.SendUsedPG)
    SendUsedPG                               0x080037cd   Thumb Code    72  can_communication.o(i.SendUsedPG)
    i.ServoSetPluseAndTime                   0x08003814   Section        0  app.o(i.ServoSetPluseAndTime)
    ServoSetPluseAndTime                     0x08003815   Thumb Code    58  app.o(i.ServoSetPluseAndTime)
    i.SysTick_Handler                        0x08003854   Section        0  stm32f1xx_it.o(i.SysTick_Handler)
    i.SystemClock_Config                     0x08003858   Section        0  main.o(i.SystemClock_Config)
    i.SystemInit                             0x080038a8   Section        0  system_stm32f1xx.o(i.SystemInit)
    i.TIM2_IRQHandler                        0x080038f0   Section        0  stm32f1xx_it.o(i.TIM2_IRQHandler)
    i.TIM3_IRQHandler                        0x080038fc   Section        0  stm32f1xx_it.o(i.TIM3_IRQHandler)
    i.TIM_Base_SetConfig                     0x08003908   Section        0  stm32f1xx_hal_tim.o(i.TIM_Base_SetConfig)
    i.TIM_ETR_SetConfig                      0x08003974   Section        0  stm32f1xx_hal_tim.o(i.TIM_ETR_SetConfig)
    i.TIM_ITRx_SetConfig                     0x08003988   Section        0  stm32f1xx_hal_tim.o(i.TIM_ITRx_SetConfig)
    TIM_ITRx_SetConfig                       0x08003989   Thumb Code    16  stm32f1xx_hal_tim.o(i.TIM_ITRx_SetConfig)
    i.TIM_TI1_ConfigInputStage               0x08003998   Section        0  stm32f1xx_hal_tim.o(i.TIM_TI1_ConfigInputStage)
    TIM_TI1_ConfigInputStage                 0x08003999   Thumb Code    34  stm32f1xx_hal_tim.o(i.TIM_TI1_ConfigInputStage)
    i.TIM_TI2_ConfigInputStage               0x080039ba   Section        0  stm32f1xx_hal_tim.o(i.TIM_TI2_ConfigInputStage)
    TIM_TI2_ConfigInputStage                 0x080039bb   Thumb Code    36  stm32f1xx_hal_tim.o(i.TIM_TI2_ConfigInputStage)
    i.Tim_CheckTimeOut                       0x080039de   Section        0  can_communication.o(i.Tim_CheckTimeOut)
    Tim_CheckTimeOut                         0x080039df   Thumb Code    28  can_communication.o(i.Tim_CheckTimeOut)
    i.Tim_GetCurrentTimeAdd_Scan1MS          0x080039fc   Section        0  can_communication.o(i.Tim_GetCurrentTimeAdd_Scan1MS)
    i.TimeBreakExecution_Handler             0x08003a0c   Section        0  app.o(i.TimeBreakExecution_Handler)
    TimeBreakExecution_Handler               0x08003a0d   Thumb Code   130  app.o(i.TimeBreakExecution_Handler)
    i.Timer_SetHandler                       0x08003a98   Section        0  bsp_hal_time.o(i.Timer_SetHandler)
    i.UART_DMAAbortOnError                   0x08003aac   Section        0  stm32f1xx_hal_uart.o(i.UART_DMAAbortOnError)
    UART_DMAAbortOnError                     0x08003aad   Thumb Code    16  stm32f1xx_hal_uart.o(i.UART_DMAAbortOnError)
    i.UART_EndRxTransfer                     0x08003abc   Section        0  stm32f1xx_hal_uart.o(i.UART_EndRxTransfer)
    UART_EndRxTransfer                       0x08003abd   Thumb Code    28  stm32f1xx_hal_uart.o(i.UART_EndRxTransfer)
    i.UART_Receive_IT                        0x08003ad8   Section        0  stm32f1xx_hal_uart.o(i.UART_Receive_IT)
    UART_Receive_IT                          0x08003ad9   Thumb Code   150  stm32f1xx_hal_uart.o(i.UART_Receive_IT)
    i.UART_SetConfig                         0x08003b70   Section        0  stm32f1xx_hal_uart.o(i.UART_SetConfig)
    UART_SetConfig                           0x08003b71   Thumb Code   178  stm32f1xx_hal_uart.o(i.UART_SetConfig)
    i.UART_Transmit_IT                       0x08003c28   Section        0  stm32f1xx_hal_uart.o(i.UART_Transmit_IT)
    UART_Transmit_IT                         0x08003c29   Thumb Code    98  stm32f1xx_hal_uart.o(i.UART_Transmit_IT)
    i.USART1_IRQHandler                      0x08003c8c   Section        0  stm32f1xx_it.o(i.USART1_IRQHandler)
    i.USART2_IRQHandler                      0x08003c98   Section        0  stm32f1xx_it.o(i.USART2_IRQHandler)
    i.USART3_IRQHandler                      0x08003ca4   Section        0  stm32f1xx_it.o(i.USART3_IRQHandler)
    i.USB_LP_CAN1_RX0_IRQHandler             0x08003cb0   Section        0  stm32f1xx_it.o(i.USB_LP_CAN1_RX0_IRQHandler)
    i.UnderpanControl_Init                   0x08003cbc   Section        0  underpancontrol_motor.o(i.UnderpanControl_Init)
    i.UsageFault_Handler                     0x08003cf8   Section        0  stm32f1xx_it.o(i.UsageFault_Handler)
    i.Wireless_CIRCLE                        0x08003cfc   Section        0  app.o(i.Wireless_CIRCLE)
    Wireless_CIRCLE                          0x08003cfd   Thumb Code    16  app.o(i.Wireless_CIRCLE)
    i.Wireless_DOWN                          0x08003d10   Section        0  app.o(i.Wireless_DOWN)
    Wireless_DOWN                            0x08003d11   Thumb Code    16  app.o(i.Wireless_DOWN)
    i.Wireless_FORK                          0x08003d24   Section        0  app.o(i.Wireless_FORK)
    Wireless_FORK                            0x08003d25   Thumb Code    16  app.o(i.Wireless_FORK)
    i.Wireless_L1                            0x08003d38   Section        0  app.o(i.Wireless_L1)
    Wireless_L1                              0x08003d39   Thumb Code    16  app.o(i.Wireless_L1)
    i.Wireless_LEFT                          0x08003d4c   Section        0  app.o(i.Wireless_LEFT)
    Wireless_LEFT                            0x08003d4d   Thumb Code    16  app.o(i.Wireless_LEFT)
    i.Wireless_R1                            0x08003d60   Section        0  app.o(i.Wireless_R1)
    Wireless_R1                              0x08003d61   Thumb Code    16  app.o(i.Wireless_R1)
    i.Wireless_REC                           0x08003d74   Section        0  app.o(i.Wireless_REC)
    Wireless_REC                             0x08003d75   Thumb Code    16  app.o(i.Wireless_REC)
    i.Wireless_RIGHT                         0x08003d88   Section        0  app.o(i.Wireless_RIGHT)
    Wireless_RIGHT                           0x08003d89   Thumb Code    16  app.o(i.Wireless_RIGHT)
    i.Wireless_TRI                           0x08003d9c   Section        0  app.o(i.Wireless_TRI)
    Wireless_TRI                             0x08003d9d   Thumb Code    16  app.o(i.Wireless_TRI)
    i.Wireless_UP                            0x08003db0   Section        0  app.o(i.Wireless_UP)
    Wireless_UP                              0x08003db1   Thumb Code    16  app.o(i.Wireless_UP)
    i.__NVIC_SetPriority                     0x08003dc4   Section        0  stm32f1xx_hal_cortex.o(i.__NVIC_SetPriority)
    __NVIC_SetPriority                       0x08003dc5   Thumb Code    32  stm32f1xx_hal_cortex.o(i.__NVIC_SetPriority)
    i.__scatterload_copy                     0x08003de4   Section       14  handlers.o(i.__scatterload_copy)
    i.__scatterload_null                     0x08003df2   Section        2  handlers.o(i.__scatterload_null)
    i.__scatterload_zeroinit                 0x08003df4   Section       14  handlers.o(i.__scatterload_zeroinit)
    i.button_attach                          0x08003e02   Section        0  separate_button.o(i.button_attach)
    i.button_handler                         0x08003e0a   Section        0  separate_button.o(i.button_handler)
    button_handler                           0x08003e0b   Thumb Code   284  separate_button.o(i.button_handler)
    i.button_init                            0x08003f26   Section        0  separate_button.o(i.button_init)
    i.button_start                           0x08003f58   Section        0  separate_button.o(i.button_start)
    i.button_ticks                           0x08003f7c   Section        0  separate_button.o(i.button_ticks)
    i.delay_us                               0x08003f98   Section        0  bsp_hal_ps2.o(i.delay_us)
    delay_us                                 0x08003f99   Thumb Code    18  bsp_hal_ps2.o(i.delay_us)
    i.main                                   0x08003faa   Section        0  main.o(i.main)
    i.xCreate                                0x08003fe0   Section        0  can_communication.o(i.xCreate)
    .constdata                               0x080040a0   Section       16  system_stm32f1xx.o(.constdata)
    .constdata                               0x080040b0   Section        8  system_stm32f1xx.o(.constdata)
    .data                                    0x20000000   Section        4  system_stm32f1xx.o(.data)
    .data                                    0x20000004   Section        8  bsp_hal_time.o(.data)
    TimeCallBackFunc                         0x20000004   Data           4  bsp_hal_time.o(.data)
    Time2CallBackFunc                        0x20000008   Data           4  bsp_hal_time.o(.data)
    .data                                    0x2000000c   Section        8  bsp_hal_ps2.o(.data)
    .data                                    0x20000014   Section        4  separate_button.o(.data)
    head_handle                              0x20000014   Data           4  separate_button.o(.data)
    .data                                    0x20000018   Section       32  app.o(.data)
    time                                     0x2000001c   Data           2  app.o(.data)
    .data                                    0x20000038   Section        6  can_communication.o(.data)
    timeflg                                  0x20000039   Data           1  can_communication.o(.data)
    Tim_GetCurrentTime                       0x2000003a   Data           2  can_communication.o(.data)
    time                                     0x2000003c   Data           2  can_communication.o(.data)
    .data                                    0x20000040   Section        4  slave_dcmotorminiwatt.o(.data)
    head_handle                              0x20000040   Data           4  slave_dcmotorminiwatt.o(.data)
    .data                                    0x20000044   Section        4  slave_steeringengine_6ch.o(.data)
    head_handle                              0x20000044   Data           4  slave_steeringengine_6ch.o(.data)
    .data                                    0x20000048   Section       12  stm32f1xx_hal.o(.data)
    .bss                                     0x20000054   Section       40  can.o(.bss)
    .bss                                     0x2000007c   Section      176  spi.o(.bss)
    .bss                                     0x2000012c   Section      128  tim.o(.bss)
    .bss                                     0x200001ac   Section      600  usart.o(.bss)
    .bss                                     0x20000404   Section      324  bsp_hal_can.o(.bss)
    .bss                                     0x20000548   Section     1204  app.o(.bss)
    WirelessUP_S                             0x20000570   Data          52  app.o(.bss)
    WirelessDOWN_S                           0x200005a4   Data          52  app.o(.bss)
    WirelessLEFT_S                           0x200005d8   Data          52  app.o(.bss)
    WirelessRIGHT_S                          0x2000060c   Data          52  app.o(.bss)
    WirelessTRI_S                            0x20000640   Data          52  app.o(.bss)
    WirelessCIRCLE_S                         0x20000674   Data          52  app.o(.bss)
    WirelessFORK_S                           0x200006a8   Data          52  app.o(.bss)
    WirelessREC_S                            0x200006dc   Data          52  app.o(.bss)
    WirelessL1_S                             0x20000710   Data          52  app.o(.bss)
    WirelessR1_S                             0x20000744   Data          52  app.o(.bss)
    .bss                                     0x200009fc   Section      696  can_communication_canconfig.o(.bss)
    STACK                                    0x20000cb8   Section     1024  startup_stm32f103xb.o(STACK)

    Global Symbols

    Symbol Name                              Value     Ov Type        Size  Object(Section)

    BuildAttributes$$THM_ISAv4$P$D$K$B$S$PE$A:L22UL41UL21$X:L11$S22US41US21$IEEE1$IW$USESV6$~STKCKD$USESV7$~SHL$OTIME$ROPI$IEEEJ$EBA8$MICROLIB$REQ8$PRES8$EABIv2 0x00000000   Number         0  anon$$obj.o ABSOLUTE
    __ARM_use_no_argv                        0x00000000   Number         0  main.o ABSOLUTE
    __cpp_initialize__aeabi_                  - Undefined Weak Reference
    __cxa_finalize                            - Undefined Weak Reference
    __decompress                              - Undefined Weak Reference
    _clock_init                               - Undefined Weak Reference
    _microlib_exit                            - Undefined Weak Reference
    __Vectors_Size                           0x000000ec   Number         0  startup_stm32f103xb.o ABSOLUTE
    __Vectors                                0x08000000   Data           4  startup_stm32f103xb.o(RESET)
    __Vectors_End                            0x080000ec   Data           0  startup_stm32f103xb.o(RESET)
    __main                                   0x080000ed   Thumb Code     0  entry.o(.ARM.Collect$$$$00000000)
    _main_stk                                0x080000ed   Thumb Code     0  entry2.o(.ARM.Collect$$$$00000001)
    _main_scatterload                        0x080000f1   Thumb Code     0  entry5.o(.ARM.Collect$$$$00000004)
    __main_after_scatterload                 0x080000f5   Thumb Code     0  entry5.o(.ARM.Collect$$$$00000004)
    _main_clock                              0x080000f5   Thumb Code     0  entry7b.o(.ARM.Collect$$$$00000008)
    _main_cpp_init                           0x080000f5   Thumb Code     0  entry8b.o(.ARM.Collect$$$$0000000A)
    _main_init                               0x080000f5   Thumb Code     0  entry9a.o(.ARM.Collect$$$$0000000B)
    __rt_final_cpp                           0x080000fd   Thumb Code     0  entry10a.o(.ARM.Collect$$$$0000000D)
    __rt_final_exit                          0x080000fd   Thumb Code     0  entry11a.o(.ARM.Collect$$$$0000000F)
    Reset_Handler                            0x08000101   Thumb Code     8  startup_stm32f103xb.o(.text)
    ADC1_2_IRQHandler                        0x0800011b   Thumb Code     0  startup_stm32f103xb.o(.text)
    CAN1_RX1_IRQHandler                      0x0800011b   Thumb Code     0  startup_stm32f103xb.o(.text)
    CAN1_SCE_IRQHandler                      0x0800011b   Thumb Code     0  startup_stm32f103xb.o(.text)
    DMA1_Channel1_IRQHandler                 0x0800011b   Thumb Code     0  startup_stm32f103xb.o(.text)
    EXTI0_IRQHandler                         0x0800011b   Thumb Code     0  startup_stm32f103xb.o(.text)
    EXTI15_10_IRQHandler                     0x0800011b   Thumb Code     0  startup_stm32f103xb.o(.text)
    EXTI1_IRQHandler                         0x0800011b   Thumb Code     0  startup_stm32f103xb.o(.text)
    EXTI2_IRQHandler                         0x0800011b   Thumb Code     0  startup_stm32f103xb.o(.text)
    EXTI3_IRQHandler                         0x0800011b   Thumb Code     0  startup_stm32f103xb.o(.text)
    EXTI4_IRQHandler                         0x0800011b   Thumb Code     0  startup_stm32f103xb.o(.text)
    EXTI9_5_IRQHandler                       0x0800011b   Thumb Code     0  startup_stm32f103xb.o(.text)
    FLASH_IRQHandler                         0x0800011b   Thumb Code     0  startup_stm32f103xb.o(.text)
    I2C1_ER_IRQHandler                       0x0800011b   Thumb Code     0  startup_stm32f103xb.o(.text)
    I2C1_EV_IRQHandler                       0x0800011b   Thumb Code     0  startup_stm32f103xb.o(.text)
    I2C2_ER_IRQHandler                       0x0800011b   Thumb Code     0  startup_stm32f103xb.o(.text)
    I2C2_EV_IRQHandler                       0x0800011b   Thumb Code     0  startup_stm32f103xb.o(.text)
    PVD_IRQHandler                           0x0800011b   Thumb Code     0  startup_stm32f103xb.o(.text)
    RCC_IRQHandler                           0x0800011b   Thumb Code     0  startup_stm32f103xb.o(.text)
    RTC_Alarm_IRQHandler                     0x0800011b   Thumb Code     0  startup_stm32f103xb.o(.text)
    RTC_IRQHandler                           0x0800011b   Thumb Code     0  startup_stm32f103xb.o(.text)
    SPI1_IRQHandler                          0x0800011b   Thumb Code     0  startup_stm32f103xb.o(.text)
    SPI2_IRQHandler                          0x0800011b   Thumb Code     0  startup_stm32f103xb.o(.text)
    TAMPER_IRQHandler                        0x0800011b   Thumb Code     0  startup_stm32f103xb.o(.text)
    TIM1_BRK_IRQHandler                      0x0800011b   Thumb Code     0  startup_stm32f103xb.o(.text)
    TIM1_CC_IRQHandler                       0x0800011b   Thumb Code     0  startup_stm32f103xb.o(.text)
    TIM1_TRG_COM_IRQHandler                  0x0800011b   Thumb Code     0  startup_stm32f103xb.o(.text)
    TIM1_UP_IRQHandler                       0x0800011b   Thumb Code     0  startup_stm32f103xb.o(.text)
    TIM4_IRQHandler                          0x0800011b   Thumb Code     0  startup_stm32f103xb.o(.text)
    USBWakeUp_IRQHandler                     0x0800011b   Thumb Code     0  startup_stm32f103xb.o(.text)
    USB_HP_CAN1_TX_IRQHandler                0x0800011b   Thumb Code     0  startup_stm32f103xb.o(.text)
    WWDG_IRQHandler                          0x0800011b   Thumb Code     0  startup_stm32f103xb.o(.text)
    __aeabi_memcpy                           0x08000125   Thumb Code    36  memcpya.o(.text)
    __aeabi_memcpy4                          0x08000125   Thumb Code     0  memcpya.o(.text)
    __aeabi_memcpy8                          0x08000125   Thumb Code     0  memcpya.o(.text)
    __aeabi_memset                           0x08000149   Thumb Code    14  memseta.o(.text)
    __aeabi_memset4                          0x08000149   Thumb Code     0  memseta.o(.text)
    __aeabi_memset8                          0x08000149   Thumb Code     0  memseta.o(.text)
    __aeabi_memclr                           0x08000157   Thumb Code     4  memseta.o(.text)
    __aeabi_memclr4                          0x08000157   Thumb Code     0  memseta.o(.text)
    __aeabi_memclr8                          0x08000157   Thumb Code     0  memseta.o(.text)
    _memset$wrapper                          0x0800015b   Thumb Code    18  memseta.o(.text)
    __aeabi_fadd                             0x0800016d   Thumb Code   164  fadd.o(.text)
    __aeabi_fsub                             0x08000211   Thumb Code     6  fadd.o(.text)
    __aeabi_frsub                            0x08000217   Thumb Code     6  fadd.o(.text)
    __aeabi_fmul                             0x0800021d   Thumb Code   100  fmul.o(.text)
    __ARM_scalbnf                            0x08000281   Thumb Code    24  fscalb.o(.text)
    scalbnf                                  0x08000281   Thumb Code     0  fscalb.o(.text)
    __aeabi_i2f                              0x08000299   Thumb Code    18  fflti.o(.text)
    __aeabi_ui2f                             0x080002ab   Thumb Code    10  ffltui.o(.text)
    __aeabi_f2iz                             0x080002b5   Thumb Code    50  ffixi.o(.text)
    __aeabi_cfrcmple                         0x080002e9   Thumb Code    20  cfrcmple.o(.text)
    __I$use$fp                               0x080002fd   Thumb Code     0  iusefp.o(.text)
    _float_round                             0x080002fd   Thumb Code    18  fepilogue.o(.text)
    _float_epilogue                          0x0800030f   Thumb Code    92  fepilogue.o(.text)
    __scatterload                            0x0800036d   Thumb Code    28  init.o(.text)
    __scatterload_rt2                        0x0800036d   Thumb Code     0  init.o(.text)
    ApplicationProgram_main                  0x0800062d   Thumb Code   456  app.o(i.ApplicationProgram_main)
    Bsp_Cancom_ConfigurationInit             0x080008f5   Thumb Code     4  bsp_hal_can.o(i.Bsp_Cancom_ConfigurationInit)
    Bsp_Cancom_FilterInit                    0x080008f9   Thumb Code     4  bsp_hal_can.o(i.Bsp_Cancom_FilterInit)
    Bsp_Cancom_ReadERR                       0x080008fd   Thumb Code     6  bsp_hal_can.o(i.Bsp_Cancom_ReadERR)
    BusFault_Handler                         0x08000909   Thumb Code     2  stm32f1xx_it.o(i.BusFault_Handler)
    CANCommunication_Init                    0x080009cd   Thumb Code    22  can_communication.o(i.CANCommunication_Init)
    CANCommunication_Scan                    0x080009e9   Thumb Code   422  can_communication.o(i.CANCommunication_Scan)
    CANSend                                  0x08000b99   Thumb Code    42  bsp_hal_can.o(i.CANSend)
    CAN_OutQueue                             0x08000bc9   Thumb Code    48  bsp_hal_can.o(i.CAN_OutQueue)
    CAN_TT_ASYNC_Enable                      0x08000bfd   Thumb Code    30  can_communication.o(i.CAN_TT_ASYNC_Enable)
    DMA1_Channel2_IRQHandler                 0x08000c71   Thumb Code     6  stm32f1xx_it.o(i.DMA1_Channel2_IRQHandler)
    DMA1_Channel3_IRQHandler                 0x08000c7d   Thumb Code     6  stm32f1xx_it.o(i.DMA1_Channel3_IRQHandler)
    DMA1_Channel4_IRQHandler                 0x08000c89   Thumb Code     6  stm32f1xx_it.o(i.DMA1_Channel4_IRQHandler)
    DMA1_Channel5_IRQHandler                 0x08000c95   Thumb Code     6  stm32f1xx_it.o(i.DMA1_Channel5_IRQHandler)
    DMA1_Channel6_IRQHandler                 0x08000ca1   Thumb Code     6  stm32f1xx_it.o(i.DMA1_Channel6_IRQHandler)
    DMA1_Channel7_IRQHandler                 0x08000cad   Thumb Code     6  stm32f1xx_it.o(i.DMA1_Channel7_IRQHandler)
    DebugMon_Handler                         0x08000cb9   Thumb Code     2  stm32f1xx_it.o(i.DebugMon_Handler)
    Error_Handler                            0x08000cbb   Thumb Code     2  main.o(i.Error_Handler)
    GetReferenceFromDevice                   0x08000cbd   Thumb Code     2  can_communication_canconfig.o(i.GetReferenceFromDevice)
    GetReferenceToDevice                     0x08000cbf   Thumb Code     2  can_communication_canconfig.o(i.GetReferenceToDevice)
    HAL_CAN_ActivateNotification             0x08000cc1   Thumb Code    36  stm32f1xx_hal_can.o(i.HAL_CAN_ActivateNotification)
    HAL_CAN_AddTxMessage                     0x08000ce5   Thumb Code   200  stm32f1xx_hal_can.o(i.HAL_CAN_AddTxMessage)
    HAL_CAN_ConfigFilter                     0x08000dad   Thumb Code   238  stm32f1xx_hal_can.o(i.HAL_CAN_ConfigFilter)
    HAL_CAN_ErrorCallback                    0x08000e9b   Thumb Code     2  stm32f1xx_hal_can.o(i.HAL_CAN_ErrorCallback)
    HAL_CAN_GetRxMessage                     0x08000e9d   Thumb Code   232  stm32f1xx_hal_can.o(i.HAL_CAN_GetRxMessage)
    HAL_CAN_IRQHandler                       0x08000f85   Thumb Code   508  stm32f1xx_hal_can.o(i.HAL_CAN_IRQHandler)
    HAL_CAN_Init                             0x08001181   Thumb Code   282  stm32f1xx_hal_can.o(i.HAL_CAN_Init)
    HAL_CAN_MspInit                          0x0800129d   Thumb Code   130  can.o(i.HAL_CAN_MspInit)
    HAL_CAN_RxFifo0FullCallback              0x08001331   Thumb Code     2  stm32f1xx_hal_can.o(i.HAL_CAN_RxFifo0FullCallback)
    HAL_CAN_RxFifo0MsgPendingCallback        0x08001335   Thumb Code   152  bsp_hal_can.o(i.HAL_CAN_RxFifo0MsgPendingCallback)
    HAL_CAN_RxFifo1FullCallback              0x080013d1   Thumb Code     2  stm32f1xx_hal_can.o(i.HAL_CAN_RxFifo1FullCallback)
    HAL_CAN_RxFifo1MsgPendingCallback        0x080013d3   Thumb Code     2  stm32f1xx_hal_can.o(i.HAL_CAN_RxFifo1MsgPendingCallback)
    HAL_CAN_SleepCallback                    0x080013d5   Thumb Code     2  stm32f1xx_hal_can.o(i.HAL_CAN_SleepCallback)
    HAL_CAN_Start                            0x080013d9   Thumb Code    88  stm32f1xx_hal_can.o(i.HAL_CAN_Start)
    HAL_CAN_TxMailbox0AbortCallback          0x08001431   Thumb Code     2  stm32f1xx_hal_can.o(i.HAL_CAN_TxMailbox0AbortCallback)
    HAL_CAN_TxMailbox0CompleteCallback       0x08001433   Thumb Code     2  stm32f1xx_hal_can.o(i.HAL_CAN_TxMailbox0CompleteCallback)
    HAL_CAN_TxMailbox1AbortCallback          0x08001435   Thumb Code     2  stm32f1xx_hal_can.o(i.HAL_CAN_TxMailbox1AbortCallback)
    HAL_CAN_TxMailbox1CompleteCallback       0x08001437   Thumb Code     2  stm32f1xx_hal_can.o(i.HAL_CAN_TxMailbox1CompleteCallback)
    HAL_CAN_TxMailbox2AbortCallback          0x08001439   Thumb Code     2  stm32f1xx_hal_can.o(i.HAL_CAN_TxMailbox2AbortCallback)
    HAL_CAN_TxMailbox2CompleteCallback       0x0800143b   Thumb Code     2  stm32f1xx_hal_can.o(i.HAL_CAN_TxMailbox2CompleteCallback)
    HAL_CAN_WakeUpFromRxMsgCallback          0x0800143d   Thumb Code     2  stm32f1xx_hal_can.o(i.HAL_CAN_WakeUpFromRxMsgCallback)
    HAL_DMA_Abort_IT                         0x08001441   Thumb Code   148  stm32f1xx_hal_dma.o(i.HAL_DMA_Abort_IT)
    HAL_DMA_IRQHandler                       0x080014d9   Thumb Code   316  stm32f1xx_hal_dma.o(i.HAL_DMA_IRQHandler)
    HAL_DMA_Init                             0x0800162d   Thumb Code    84  stm32f1xx_hal_dma.o(i.HAL_DMA_Init)
    HAL_Delay                                0x08001689   Thumb Code    32  stm32f1xx_hal.o(i.HAL_Delay)
    HAL_GPIO_Init                            0x080016ad   Thumb Code   446  stm32f1xx_hal_gpio.o(i.HAL_GPIO_Init)
    HAL_GPIO_ReadPin                         0x0800188d   Thumb Code    10  stm32f1xx_hal_gpio.o(i.HAL_GPIO_ReadPin)
    HAL_GPIO_WritePin                        0x08001897   Thumb Code    10  stm32f1xx_hal_gpio.o(i.HAL_GPIO_WritePin)
    HAL_GetTick                              0x080018a1   Thumb Code     6  stm32f1xx_hal.o(i.HAL_GetTick)
    HAL_IncTick                              0x080018ad   Thumb Code    12  stm32f1xx_hal.o(i.HAL_IncTick)
    HAL_Init                                 0x080018bd   Thumb Code    32  stm32f1xx_hal.o(i.HAL_Init)
    HAL_InitTick                             0x080018e1   Thumb Code    54  stm32f1xx_hal.o(i.HAL_InitTick)
    HAL_MspInit                              0x08001921   Thumb Code    52  stm32f1xx_hal_msp.o(i.HAL_MspInit)
    HAL_NVIC_EnableIRQ                       0x0800195d   Thumb Code    26  stm32f1xx_hal_cortex.o(i.HAL_NVIC_EnableIRQ)
    HAL_NVIC_SetPriority                     0x08001979   Thumb Code    60  stm32f1xx_hal_cortex.o(i.HAL_NVIC_SetPriority)
    HAL_NVIC_SetPriorityGrouping             0x080019b9   Thumb Code    26  stm32f1xx_hal_cortex.o(i.HAL_NVIC_SetPriorityGrouping)
    HAL_RCC_ClockConfig                      0x080019dd   Thumb Code   280  stm32f1xx_hal_rcc.o(i.HAL_RCC_ClockConfig)
    HAL_RCC_GetPCLK1Freq                     0x08001b09   Thumb Code    20  stm32f1xx_hal_rcc.o(i.HAL_RCC_GetPCLK1Freq)
    HAL_RCC_GetPCLK2Freq                     0x08001b29   Thumb Code    20  stm32f1xx_hal_rcc.o(i.HAL_RCC_GetPCLK2Freq)
    HAL_RCC_GetSysClockFreq                  0x08001b49   Thumb Code    74  stm32f1xx_hal_rcc.o(i.HAL_RCC_GetSysClockFreq)
    HAL_RCC_OscConfig                        0x08001bb5   Thumb Code   778  stm32f1xx_hal_rcc.o(i.HAL_RCC_OscConfig)
    HAL_SPI_Init                             0x08001ed5   Thumb Code   124  stm32f1xx_hal_spi.o(i.HAL_SPI_Init)
    HAL_SPI_MspInit                          0x08001f51   Thumb Code   162  spi.o(i.HAL_SPI_MspInit)
    HAL_SYSTICK_Config                       0x08002009   Thumb Code    40  stm32f1xx_hal_cortex.o(i.HAL_SYSTICK_Config)
    HAL_TIMEx_BreakCallback                  0x08002031   Thumb Code     2  stm32f1xx_hal_tim_ex.o(i.HAL_TIMEx_BreakCallback)
    HAL_TIMEx_CommutCallback                 0x08002033   Thumb Code     2  stm32f1xx_hal_tim_ex.o(i.HAL_TIMEx_CommutCallback)
    HAL_TIMEx_MasterConfigSynchronization    0x08002035   Thumb Code    66  stm32f1xx_hal_tim_ex.o(i.HAL_TIMEx_MasterConfigSynchronization)
    HAL_TIM_Base_Init                        0x08002077   Thumb Code    54  stm32f1xx_hal_tim.o(i.HAL_TIM_Base_Init)
    HAL_TIM_Base_MspInit                     0x080020ad   Thumb Code    86  tim.o(i.HAL_TIM_Base_MspInit)
    HAL_TIM_Base_Start_IT                    0x0800210d   Thumb Code    34  stm32f1xx_hal_tim.o(i.HAL_TIM_Base_Start_IT)
    HAL_TIM_ConfigClockSource                0x0800212f   Thumb Code   214  stm32f1xx_hal_tim.o(i.HAL_TIM_ConfigClockSource)
    HAL_TIM_IC_CaptureCallback               0x08002205   Thumb Code     2  stm32f1xx_hal_tim.o(i.HAL_TIM_IC_CaptureCallback)
    HAL_TIM_IRQHandler                       0x08002207   Thumb Code   358  stm32f1xx_hal_tim.o(i.HAL_TIM_IRQHandler)
    HAL_TIM_OC_DelayElapsedCallback          0x0800236d   Thumb Code     2  stm32f1xx_hal_tim.o(i.HAL_TIM_OC_DelayElapsedCallback)
    HAL_TIM_PWM_PulseFinishedCallback        0x0800236f   Thumb Code     2  stm32f1xx_hal_tim.o(i.HAL_TIM_PWM_PulseFinishedCallback)
    HAL_TIM_PeriodElapsedCallback            0x08002371   Thumb Code    34  bsp_hal_time.o(i.HAL_TIM_PeriodElapsedCallback)
    HAL_TIM_TriggerCallback                  0x080023a1   Thumb Code     2  stm32f1xx_hal_tim.o(i.HAL_TIM_TriggerCallback)
    HAL_UART_ErrorCallback                   0x080023a3   Thumb Code     2  stm32f1xx_hal_uart.o(i.HAL_UART_ErrorCallback)
    HAL_UART_IRQHandler                      0x080023a5   Thumb Code   266  stm32f1xx_hal_uart.o(i.HAL_UART_IRQHandler)
    HAL_UART_Init                            0x080024b5   Thumb Code    98  stm32f1xx_hal_uart.o(i.HAL_UART_Init)
    HAL_UART_MspInit                         0x08002519   Thumb Code   602  usart.o(i.HAL_UART_MspInit)
    HAL_UART_RxCpltCallback                  0x08002799   Thumb Code     2  stm32f1xx_hal_uart.o(i.HAL_UART_RxCpltCallback)
    HAL_UART_TxCpltCallback                  0x0800279b   Thumb Code     2  stm32f1xx_hal_uart.o(i.HAL_UART_TxCpltCallback)
    HardFault_Handler                        0x080027ed   Thumb Code     2  stm32f1xx_it.o(i.HardFault_Handler)
    InitialUsedPGs                           0x080027f1   Thumb Code    36  can_communication_canconfig.o(i.InitialUsedPGs)
    MX_CAN_Init                              0x08002819   Thumb Code    62  can.o(i.MX_CAN_Init)
    MX_DMA_Init                              0x08002861   Thumb Code   120  dma.o(i.MX_DMA_Init)
    MX_GPIO_Init                             0x080028dd   Thumb Code   294  gpio.o(i.MX_GPIO_Init)
    MX_SPI1_Init                             0x08002a15   Thumb Code    62  spi.o(i.MX_SPI1_Init)
    MX_SPI2_Init                             0x08002a5d   Thumb Code    60  spi.o(i.MX_SPI2_Init)
    MX_TIM2_Init                             0x08002aa1   Thumb Code    96  tim.o(i.MX_TIM2_Init)
    MX_TIM3_Init                             0x08002b05   Thumb Code    94  tim.o(i.MX_TIM3_Init)
    MX_USART1_UART_Init                      0x08002b6d   Thumb Code    48  usart.o(i.MX_USART1_UART_Init)
    MX_USART2_UART_Init                      0x08002ba5   Thumb Code    48  usart.o(i.MX_USART2_UART_Init)
    MX_USART3_UART_Init                      0x08002bdd   Thumb Code    48  usart.o(i.MX_USART3_UART_Init)
    MemManage_Handler                        0x08002c15   Thumb Code     2  stm32f1xx_it.o(i.MemManage_Handler)
    NMI_Handler                              0x08002c17   Thumb Code     2  stm32f1xx_it.o(i.NMI_Handler)
    PID_Calc                                 0x08002c19   Thumb Code   288  pid.o(i.PID_Calc)
    PID_CascadeCalc                          0x08002d39   Thumb Code    28  pid.o(i.PID_CascadeCalc)
    PID_Cascade_Init                         0x08002d55   Thumb Code   184  app.o(i.PID_Cascade_Init)
    PID_Init                                 0x08002e35   Thumb Code    36  pid.o(i.PID_Init)
    PID_out                                  0x08002e59   Thumb Code   300  app.o(i.PID_out)
    PS2_ClearData                            0x08002f91   Thumb Code    24  bsp_hal_ps2.o(i.PS2_ClearData)
    PS2_ReadData                             0x08003041   Thumb Code   192  bsp_hal_ps2.o(i.PS2_ReadData)
    PS2_RedLight                             0x08003109   Thumb Code    54  bsp_hal_ps2.o(i.PS2_RedLight)
    PS2_SetInit                              0x08003149   Thumb Code   396  bsp_hal_ps2.o(i.PS2_SetInit)
    PendSV_Handler                           0x08003325   Thumb Code     2  stm32f1xx_it.o(i.PendSV_Handler)
    QueueOverflow_Dispose                    0x08003327   Thumb Code     4  can_communication.o(i.QueueOverflow_Dispose)
    SLAVE_DCMotorMiniwatt_CANinit            0x0800337d   Thumb Code    28  slave_dcmotorminiwatt.o(i.SLAVE_DCMotorMiniwatt_CANinit)
    SLAVE_DCMotorMiniwatt_Init               0x0800339d   Thumb Code    60  slave_dcmotorminiwatt.o(i.SLAVE_DCMotorMiniwatt_Init)
    SLAVE_DCMotorMiniwatt_PlaceRead          0x080033dd   Thumb Code     4  slave_dcmotorminiwatt.o(i.SLAVE_DCMotorMiniwatt_PlaceRead)
    SLAVE_DCMotorMiniwatt_SpeedRead          0x080034c5   Thumb Code    14  slave_dcmotorminiwatt.o(i.SLAVE_DCMotorMiniwatt_SpeedRead)
    SLAVE_DCMotorMiniwatt_SpeedSet           0x080034d3   Thumb Code    14  slave_dcmotorminiwatt.o(i.SLAVE_DCMotorMiniwatt_SpeedSet)
    SLAVE_SteeringEngine6CH_CANinit          0x080034e1   Thumb Code    28  slave_steeringengine_6ch.o(i.SLAVE_SteeringEngine6CH_CANinit)
    SLAVE_SteeringEngine6CH_Init             0x08003501   Thumb Code    48  slave_steeringengine_6ch.o(i.SLAVE_SteeringEngine6CH_Init)
    SLAVE_SteeringEngine6CH_MoreMotorControl 0x08003535   Thumb Code   348  slave_steeringengine_6ch.o(i.SLAVE_SteeringEngine6CH_MoreMotorControl)
    SVC_Handler                              0x080037cb   Thumb Code     2  stm32f1xx_it.o(i.SVC_Handler)
    SysTick_Handler                          0x08003855   Thumb Code     4  stm32f1xx_it.o(i.SysTick_Handler)
    SystemClock_Config                       0x08003859   Thumb Code    78  main.o(i.SystemClock_Config)
    SystemInit                               0x080038a9   Thumb Code    56  system_stm32f1xx.o(i.SystemInit)
    TIM2_IRQHandler                          0x080038f1   Thumb Code     6  stm32f1xx_it.o(i.TIM2_IRQHandler)
    TIM3_IRQHandler                          0x080038fd   Thumb Code     6  stm32f1xx_it.o(i.TIM3_IRQHandler)
    TIM_Base_SetConfig                       0x08003909   Thumb Code    94  stm32f1xx_hal_tim.o(i.TIM_Base_SetConfig)
    TIM_ETR_SetConfig                        0x08003975   Thumb Code    20  stm32f1xx_hal_tim.o(i.TIM_ETR_SetConfig)
    Tim_GetCurrentTimeAdd_Scan1MS            0x080039fd   Thumb Code    10  can_communication.o(i.Tim_GetCurrentTimeAdd_Scan1MS)
    Timer_SetHandler                         0x08003a99   Thumb Code    10  bsp_hal_time.o(i.Timer_SetHandler)
    USART1_IRQHandler                        0x08003c8d   Thumb Code     6  stm32f1xx_it.o(i.USART1_IRQHandler)
    USART2_IRQHandler                        0x08003c99   Thumb Code     6  stm32f1xx_it.o(i.USART2_IRQHandler)
    USART3_IRQHandler                        0x08003ca5   Thumb Code     6  stm32f1xx_it.o(i.USART3_IRQHandler)
    USB_LP_CAN1_RX0_IRQHandler               0x08003cb1   Thumb Code     6  stm32f1xx_it.o(i.USB_LP_CAN1_RX0_IRQHandler)
    UnderpanControl_Init                     0x08003cbd   Thumb Code    60  underpancontrol_motor.o(i.UnderpanControl_Init)
    UsageFault_Handler                       0x08003cf9   Thumb Code     2  stm32f1xx_it.o(i.UsageFault_Handler)
    __scatterload_copy                       0x08003de5   Thumb Code    14  handlers.o(i.__scatterload_copy)
    __scatterload_null                       0x08003df3   Thumb Code     2  handlers.o(i.__scatterload_null)
    __scatterload_zeroinit                   0x08003df5   Thumb Code    14  handlers.o(i.__scatterload_zeroinit)
    button_attach                            0x08003e03   Thumb Code     8  separate_button.o(i.button_attach)
    button_init                              0x08003f27   Thumb Code    50  separate_button.o(i.button_init)
    button_start                             0x08003f59   Thumb Code    32  separate_button.o(i.button_start)
    button_ticks                             0x08003f7d   Thumb Code    22  separate_button.o(i.button_ticks)
    main                                     0x08003fab   Thumb Code    54  main.o(i.main)
    xCreate                                  0x08003fe1   Thumb Code   192  can_communication.o(i.xCreate)
    AHBPrescTable                            0x080040a0   Data          16  system_stm32f1xx.o(.constdata)
    APBPrescTable                            0x080040b0   Data           8  system_stm32f1xx.o(.constdata)
    Region$$Table$$Base                      0x080040b8   Number         0  anon$$obj.o(Region$$Table)
    Region$$Table$$Limit                     0x080040d8   Number         0  anon$$obj.o(Region$$Table)
    SystemCoreClock                          0x20000000   Data           4  system_stm32f1xx.o(.data)
    PS2_Data                                 0x2000000c   Data           8  bsp_hal_ps2.o(.data)
    flag                                     0x20000018   Data           1  app.o(.data)
    t                                        0x2000001a   Data           2  app.o(.data)
    speed                                    0x2000001e   Data           2  app.o(.data)
    AngleValue                               0x20000020   Data          12  app.o(.data)
    AngleTimeValue                           0x2000002c   Data          12  app.o(.data)
    canrxtxerr                               0x20000038   Data           1  can_communication.o(.data)
    uwTickFreq                               0x20000048   Data           1  stm32f1xx_hal.o(.data)
    uwTickPrio                               0x2000004c   Data           4  stm32f1xx_hal.o(.data)
    uwTick                                   0x20000050   Data           4  stm32f1xx_hal.o(.data)
    hcan                                     0x20000054   Data          40  can.o(.bss)
    hspi1                                    0x2000007c   Data          88  spi.o(.bss)
    hspi2                                    0x200000d4   Data          88  spi.o(.bss)
    htim2                                    0x2000012c   Data          64  tim.o(.bss)
    htim3                                    0x2000016c   Data          64  tim.o(.bss)
    huart1                                   0x200001ac   Data          64  usart.o(.bss)
    huart2                                   0x200001ec   Data          64  usart.o(.bss)
    huart3                                   0x2000022c   Data          64  usart.o(.bss)
    hdma_usart1_rx                           0x2000026c   Data          68  usart.o(.bss)
    hdma_usart1_tx                           0x200002b0   Data          68  usart.o(.bss)
    hdma_usart2_rx                           0x200002f4   Data          68  usart.o(.bss)
    hdma_usart2_tx                           0x20000338   Data          68  usart.o(.bss)
    hdma_usart3_rx                           0x2000037c   Data          68  usart.o(.bss)
    hdma_usart3_tx                           0x200003c0   Data          68  usart.o(.bss)
    CanRxQueueStruct                         0x20000404   Data         324  bsp_hal_can.o(.bss)
    Servo_Device_S                           0x20000548   Data          40  app.o(.bss)
    DCMotorMiniwatt1_S                       0x20000778   Data          24  app.o(.bss)
    DCMotorMiniwatt2_S                       0x20000790   Data          24  app.o(.bss)
    DCMotorMiniwatt3_S                       0x200007a8   Data          24  app.o(.bss)
    DCMotorMiniwatt4_S                       0x200007c0   Data          24  app.o(.bss)
    UnderpanPosture_S                        0x200007d8   Data          52  app.o(.bss)
    position_id1                             0x2000080c   Data         124  app.o(.bss)
    position_id2                             0x20000888   Data         124  app.o(.bss)
    position_id3                             0x20000904   Data         124  app.o(.bss)
    position_id4                             0x20000980   Data         124  app.o(.bss)
    TxPGArray                                0x200009fc   Data         696  can_communication_canconfig.o(.bss)
    __initial_sp                             0x200010b8   Data           0  startup_stm32f103xb.o(STACK)



==============================================================================

Memory Map of the image

  Image Entry point : 0x080000ed

  Load Region LR_IROM1 (Base: 0x08000000, Size: 0x0000412c, Max: 0x00010000, ABSOLUTE)

    Execution Region ER_IROM1 (Exec base: 0x08000000, Load base: 0x08000000, Size: 0x000040d8, Max: 0x00010000, ABSOLUTE)

    Exec Addr    Load Addr    Size         Type   Attr      Idx    E Section Name        Object

    0x08000000   0x08000000   0x000000ec   Data   RO            3    RESET               startup_stm32f103xb.o
    0x080000ec   0x080000ec   0x00000000   Code   RO         4355  * .ARM.Collect$$$$00000000  mc_w.l(entry.o)
    0x080000ec   0x080000ec   0x00000004   Code   RO         4396    .ARM.Collect$$$$00000001  mc_w.l(entry2.o)
    0x080000f0   0x080000f0   0x00000004   Code   RO         4399    .ARM.Collect$$$$00000004  mc_w.l(entry5.o)
    0x080000f4   0x080000f4   0x00000000   Code   RO         4401    .ARM.Collect$$$$00000008  mc_w.l(entry7b.o)
    0x080000f4   0x080000f4   0x00000000   Code   RO         4403    .ARM.Collect$$$$0000000A  mc_w.l(entry8b.o)
    0x080000f4   0x080000f4   0x00000008   Code   RO         4404    .ARM.Collect$$$$0000000B  mc_w.l(entry9a.o)
    0x080000fc   0x080000fc   0x00000000   Code   RO         4406    .ARM.Collect$$$$0000000D  mc_w.l(entry10a.o)
    0x080000fc   0x080000fc   0x00000000   Code   RO         4408    .ARM.Collect$$$$0000000F  mc_w.l(entry11a.o)
    0x080000fc   0x080000fc   0x00000004   Code   RO         4397    .ARM.Collect$$$$00002712  mc_w.l(entry2.o)
    0x08000100   0x08000100   0x00000024   Code   RO            4    .text               startup_stm32f103xb.o
    0x08000124   0x08000124   0x00000024   Code   RO         4360    .text               mc_w.l(memcpya.o)
    0x08000148   0x08000148   0x00000024   Code   RO         4362    .text               mc_w.l(memseta.o)
    0x0800016c   0x0800016c   0x000000b0   Code   RO         4366    .text               mf_w.l(fadd.o)
    0x0800021c   0x0800021c   0x00000064   Code   RO         4368    .text               mf_w.l(fmul.o)
    0x08000280   0x08000280   0x00000018   Code   RO         4372    .text               mf_w.l(fscalb.o)
    0x08000298   0x08000298   0x00000012   Code   RO         4380    .text               mf_w.l(fflti.o)
    0x080002aa   0x080002aa   0x0000000a   Code   RO         4382    .text               mf_w.l(ffltui.o)
    0x080002b4   0x080002b4   0x00000032   Code   RO         4386    .text               mf_w.l(ffixi.o)
    0x080002e6   0x080002e6   0x00000002   PAD
    0x080002e8   0x080002e8   0x00000014   Code   RO         4394    .text               mf_w.l(cfrcmple.o)
    0x080002fc   0x080002fc   0x00000000   Code   RO         4421    .text               mc_w.l(iusefp.o)
    0x080002fc   0x080002fc   0x0000006e   Code   RO         4422    .text               mf_w.l(fepilogue.o)
    0x0800036a   0x0800036a   0x00000002   PAD
    0x0800036c   0x0800036c   0x00000024   Code   RO         4430    .text               mc_w.l(init.o)
    0x08000390   0x08000390   0x0000029c   Code   RO         1008    i.ApplicationProgram_Iint  app.o
    0x0800062c   0x0800062c   0x000001d8   Code   RO         1009    i.ApplicationProgram_main  app.o
    0x08000804   0x08000804   0x00000028   Code   RO         1010    i.Arm1PWMAdd        app.o
    0x0800082c   0x0800082c   0x00000028   Code   RO         1011    i.Arm1PWMMinus      app.o
    0x08000854   0x08000854   0x00000028   Code   RO         1012    i.Arm2PWMAdd        app.o
    0x0800087c   0x0800087c   0x00000028   Code   RO         1013    i.Arm2PWMMinus      app.o
    0x080008a4   0x080008a4   0x00000028   Code   RO         1014    i.Arm3PWMAdd        app.o
    0x080008cc   0x080008cc   0x00000028   Code   RO         1015    i.Arm3PWMMinus      app.o
    0x080008f4   0x080008f4   0x00000004   Code   RO          758    i.Bsp_Cancom_ConfigurationInit  bsp_hal_can.o
    0x080008f8   0x080008f8   0x00000004   Code   RO          759    i.Bsp_Cancom_FilterInit  bsp_hal_can.o
    0x080008fc   0x080008fc   0x0000000c   Code   RO          760    i.Bsp_Cancom_ReadERR  bsp_hal_can.o
    0x08000908   0x08000908   0x00000002   Code   RO          405    i.BusFault_Handler  stm32f1xx_it.o
    0x0800090a   0x0800090a   0x00000002   PAD
    0x0800090c   0x0800090c   0x000000c0   Code   RO         1235    i.CANCommunication_InformationParsing  can_communication.o
    0x080009cc   0x080009cc   0x0000001c   Code   RO         1236    i.CANCommunication_Init  can_communication.o
    0x080009e8   0x080009e8   0x000001b0   Code   RO         1237    i.CANCommunication_Scan  can_communication.o
    0x08000b98   0x08000b98   0x00000030   Code   RO          761    i.CANSend           bsp_hal_can.o
    0x08000bc8   0x08000bc8   0x00000034   Code   RO          762    i.CAN_OutQueue      bsp_hal_can.o
    0x08000bfc   0x08000bfc   0x00000024   Code   RO         1238    i.CAN_TT_ASYNC_Enable  can_communication.o
    0x08000c20   0x08000c20   0x00000028   Code   RO         1016    i.ClawPWMAdd        app.o
    0x08000c48   0x08000c48   0x00000028   Code   RO         1017    i.ClawPWMMinus      app.o
    0x08000c70   0x08000c70   0x0000000c   Code   RO          406    i.DMA1_Channel2_IRQHandler  stm32f1xx_it.o
    0x08000c7c   0x08000c7c   0x0000000c   Code   RO          407    i.DMA1_Channel3_IRQHandler  stm32f1xx_it.o
    0x08000c88   0x08000c88   0x0000000c   Code   RO          408    i.DMA1_Channel4_IRQHandler  stm32f1xx_it.o
    0x08000c94   0x08000c94   0x0000000c   Code   RO          409    i.DMA1_Channel5_IRQHandler  stm32f1xx_it.o
    0x08000ca0   0x08000ca0   0x0000000c   Code   RO          410    i.DMA1_Channel6_IRQHandler  stm32f1xx_it.o
    0x08000cac   0x08000cac   0x0000000c   Code   RO          411    i.DMA1_Channel7_IRQHandler  stm32f1xx_it.o
    0x08000cb8   0x08000cb8   0x00000002   Code   RO          412    i.DebugMon_Handler  stm32f1xx_it.o
    0x08000cba   0x08000cba   0x00000002   Code   RO           13    i.Error_Handler     main.o
    0x08000cbc   0x08000cbc   0x00000002   Code   RO         1332    i.GetReferenceFromDevice  can_communication_canconfig.o
    0x08000cbe   0x08000cbe   0x00000002   Code   RO         1333    i.GetReferenceToDevice  can_communication_canconfig.o
    0x08000cc0   0x08000cc0   0x00000024   Code   RO         1566    i.HAL_CAN_ActivateNotification  stm32f1xx_hal_can.o
    0x08000ce4   0x08000ce4   0x000000c8   Code   RO         1567    i.HAL_CAN_AddTxMessage  stm32f1xx_hal_can.o
    0x08000dac   0x08000dac   0x000000ee   Code   RO         1568    i.HAL_CAN_ConfigFilter  stm32f1xx_hal_can.o
    0x08000e9a   0x08000e9a   0x00000002   Code   RO         1571    i.HAL_CAN_ErrorCallback  stm32f1xx_hal_can.o
    0x08000e9c   0x08000e9c   0x000000e8   Code   RO         1574    i.HAL_CAN_GetRxMessage  stm32f1xx_hal_can.o
    0x08000f84   0x08000f84   0x000001fc   Code   RO         1578    i.HAL_CAN_IRQHandler  stm32f1xx_hal_can.o
    0x08001180   0x08001180   0x0000011a   Code   RO         1579    i.HAL_CAN_Init      stm32f1xx_hal_can.o
    0x0800129a   0x0800129a   0x00000002   PAD
    0x0800129c   0x0800129c   0x00000094   Code   RO          190    i.HAL_CAN_MspInit   can.o
    0x08001330   0x08001330   0x00000002   Code   RO         1586    i.HAL_CAN_RxFifo0FullCallback  stm32f1xx_hal_can.o
    0x08001332   0x08001332   0x00000002   PAD
    0x08001334   0x08001334   0x0000009c   Code   RO          763    i.HAL_CAN_RxFifo0MsgPendingCallback  bsp_hal_can.o
    0x080013d0   0x080013d0   0x00000002   Code   RO         1588    i.HAL_CAN_RxFifo1FullCallback  stm32f1xx_hal_can.o
    0x080013d2   0x080013d2   0x00000002   Code   RO         1589    i.HAL_CAN_RxFifo1MsgPendingCallback  stm32f1xx_hal_can.o
    0x080013d4   0x080013d4   0x00000002   Code   RO         1590    i.HAL_CAN_SleepCallback  stm32f1xx_hal_can.o
    0x080013d6   0x080013d6   0x00000002   PAD
    0x080013d8   0x080013d8   0x00000058   Code   RO         1591    i.HAL_CAN_Start     stm32f1xx_hal_can.o
    0x08001430   0x08001430   0x00000002   Code   RO         1593    i.HAL_CAN_TxMailbox0AbortCallback  stm32f1xx_hal_can.o
    0x08001432   0x08001432   0x00000002   Code   RO         1594    i.HAL_CAN_TxMailbox0CompleteCallback  stm32f1xx_hal_can.o
    0x08001434   0x08001434   0x00000002   Code   RO         1595    i.HAL_CAN_TxMailbox1AbortCallback  stm32f1xx_hal_can.o
    0x08001436   0x08001436   0x00000002   Code   RO         1596    i.HAL_CAN_TxMailbox1CompleteCallback  stm32f1xx_hal_can.o
    0x08001438   0x08001438   0x00000002   Code   RO         1597    i.HAL_CAN_TxMailbox2AbortCallback  stm32f1xx_hal_can.o
    0x0800143a   0x0800143a   0x00000002   Code   RO         1598    i.HAL_CAN_TxMailbox2CompleteCallback  stm32f1xx_hal_can.o
    0x0800143c   0x0800143c   0x00000002   Code   RO         1600    i.HAL_CAN_WakeUpFromRxMsgCallback  stm32f1xx_hal_can.o
    0x0800143e   0x0800143e   0x00000002   PAD
    0x08001440   0x08001440   0x00000098   Code   RO         2179    i.HAL_DMA_Abort_IT  stm32f1xx_hal_dma.o
    0x080014d8   0x080014d8   0x00000154   Code   RO         2183    i.HAL_DMA_IRQHandler  stm32f1xx_hal_dma.o
    0x0800162c   0x0800162c   0x0000005c   Code   RO         2184    i.HAL_DMA_Init      stm32f1xx_hal_dma.o
    0x08001688   0x08001688   0x00000024   Code   RO         1806    i.HAL_Delay         stm32f1xx_hal.o
    0x080016ac   0x080016ac   0x000001e0   Code   RO         2114    i.HAL_GPIO_Init     stm32f1xx_hal_gpio.o
    0x0800188c   0x0800188c   0x0000000a   Code   RO         2116    i.HAL_GPIO_ReadPin  stm32f1xx_hal_gpio.o
    0x08001896   0x08001896   0x0000000a   Code   RO         2118    i.HAL_GPIO_WritePin  stm32f1xx_hal_gpio.o
    0x080018a0   0x080018a0   0x0000000c   Code   RO         1810    i.HAL_GetTick       stm32f1xx_hal.o
    0x080018ac   0x080018ac   0x00000010   Code   RO         1816    i.HAL_IncTick       stm32f1xx_hal.o
    0x080018bc   0x080018bc   0x00000024   Code   RO         1817    i.HAL_Init          stm32f1xx_hal.o
    0x080018e0   0x080018e0   0x00000040   Code   RO         1818    i.HAL_InitTick      stm32f1xx_hal.o
    0x08001920   0x08001920   0x0000003c   Code   RO          553    i.HAL_MspInit       stm32f1xx_hal_msp.o
    0x0800195c   0x0800195c   0x0000001a   Code   RO         2274    i.HAL_NVIC_EnableIRQ  stm32f1xx_hal_cortex.o
    0x08001976   0x08001976   0x00000002   PAD
    0x08001978   0x08001978   0x00000040   Code   RO         2280    i.HAL_NVIC_SetPriority  stm32f1xx_hal_cortex.o
    0x080019b8   0x080019b8   0x00000024   Code   RO         2281    i.HAL_NVIC_SetPriorityGrouping  stm32f1xx_hal_cortex.o
    0x080019dc   0x080019dc   0x0000012c   Code   RO         1974    i.HAL_RCC_ClockConfig  stm32f1xx_hal_rcc.o
    0x08001b08   0x08001b08   0x00000020   Code   RO         1981    i.HAL_RCC_GetPCLK1Freq  stm32f1xx_hal_rcc.o
    0x08001b28   0x08001b28   0x00000020   Code   RO         1982    i.HAL_RCC_GetPCLK2Freq  stm32f1xx_hal_rcc.o
    0x08001b48   0x08001b48   0x0000006c   Code   RO         1983    i.HAL_RCC_GetSysClockFreq  stm32f1xx_hal_rcc.o
    0x08001bb4   0x08001bb4   0x00000320   Code   RO         1986    i.HAL_RCC_OscConfig  stm32f1xx_hal_rcc.o
    0x08001ed4   0x08001ed4   0x0000007c   Code   RO         2785    i.HAL_SPI_Init      stm32f1xx_hal_spi.o
    0x08001f50   0x08001f50   0x000000b8   Code   RO          256    i.HAL_SPI_MspInit   spi.o
    0x08002008   0x08002008   0x00000028   Code   RO         2285    i.HAL_SYSTICK_Config  stm32f1xx_hal_cortex.o
    0x08002030   0x08002030   0x00000002   Code   RO         3773    i.HAL_TIMEx_BreakCallback  stm32f1xx_hal_tim_ex.o
    0x08002032   0x08002032   0x00000002   Code   RO         3774    i.HAL_TIMEx_CommutCallback  stm32f1xx_hal_tim_ex.o
    0x08002034   0x08002034   0x00000042   Code   RO         3791    i.HAL_TIMEx_MasterConfigSynchronization  stm32f1xx_hal_tim_ex.o
    0x08002076   0x08002076   0x00000036   Code   RO         3098    i.HAL_TIM_Base_Init  stm32f1xx_hal_tim.o
    0x080020ac   0x080020ac   0x00000060   Code   RO          304    i.HAL_TIM_Base_MspInit  tim.o
    0x0800210c   0x0800210c   0x00000022   Code   RO         3103    i.HAL_TIM_Base_Start_IT  stm32f1xx_hal_tim.o
    0x0800212e   0x0800212e   0x000000d6   Code   RO         3107    i.HAL_TIM_ConfigClockSource  stm32f1xx_hal_tim.o
    0x08002204   0x08002204   0x00000002   Code   RO         3127    i.HAL_TIM_IC_CaptureCallback  stm32f1xx_hal_tim.o
    0x08002206   0x08002206   0x00000166   Code   RO         3141    i.HAL_TIM_IRQHandler  stm32f1xx_hal_tim.o
    0x0800236c   0x0800236c   0x00000002   Code   RO         3144    i.HAL_TIM_OC_DelayElapsedCallback  stm32f1xx_hal_tim.o
    0x0800236e   0x0800236e   0x00000002   Code   RO         3171    i.HAL_TIM_PWM_PulseFinishedCallback  stm32f1xx_hal_tim.o
    0x08002370   0x08002370   0x00000030   Code   RO          717    i.HAL_TIM_PeriodElapsedCallback  bsp_hal_time.o
    0x080023a0   0x080023a0   0x00000002   Code   RO         3184    i.HAL_TIM_TriggerCallback  stm32f1xx_hal_tim.o
    0x080023a2   0x080023a2   0x00000002   Code   RO         4045    i.HAL_UART_ErrorCallback  stm32f1xx_hal_uart.o
    0x080023a4   0x080023a4   0x00000110   Code   RO         4048    i.HAL_UART_IRQHandler  stm32f1xx_hal_uart.o
    0x080024b4   0x080024b4   0x00000062   Code   RO         4049    i.HAL_UART_Init     stm32f1xx_hal_uart.o
    0x08002516   0x08002516   0x00000002   PAD
    0x08002518   0x08002518   0x00000280   Code   RO          352    i.HAL_UART_MspInit  usart.o
    0x08002798   0x08002798   0x00000002   Code   RO         4055    i.HAL_UART_RxCpltCallback  stm32f1xx_hal_uart.o
    0x0800279a   0x0800279a   0x00000002   Code   RO         4060    i.HAL_UART_TxCpltCallback  stm32f1xx_hal_uart.o
    0x0800279c   0x0800279c   0x00000050   Code   RO          764    i.HAL_USER_CANFilterConfig  bsp_hal_can.o
    0x080027ec   0x080027ec   0x00000002   Code   RO          413    i.HardFault_Handler  stm32f1xx_it.o
    0x080027ee   0x080027ee   0x00000002   PAD
    0x080027f0   0x080027f0   0x00000028   Code   RO         1334    i.InitialUsedPGs    can_communication_canconfig.o
    0x08002818   0x08002818   0x00000048   Code   RO          191    i.MX_CAN_Init       can.o
    0x08002860   0x08002860   0x0000007c   Code   RO          231    i.MX_DMA_Init       dma.o
    0x080028dc   0x080028dc   0x00000138   Code   RO          165    i.MX_GPIO_Init      gpio.o
    0x08002a14   0x08002a14   0x00000048   Code   RO          257    i.MX_SPI1_Init      spi.o
    0x08002a5c   0x08002a5c   0x00000044   Code   RO          258    i.MX_SPI2_Init      spi.o
    0x08002aa0   0x08002aa0   0x00000064   Code   RO          305    i.MX_TIM2_Init      tim.o
    0x08002b04   0x08002b04   0x00000068   Code   RO          306    i.MX_TIM3_Init      tim.o
    0x08002b6c   0x08002b6c   0x00000038   Code   RO          353    i.MX_USART1_UART_Init  usart.o
    0x08002ba4   0x08002ba4   0x00000038   Code   RO          354    i.MX_USART2_UART_Init  usart.o
    0x08002bdc   0x08002bdc   0x00000038   Code   RO          355    i.MX_USART3_UART_Init  usart.o
    0x08002c14   0x08002c14   0x00000002   Code   RO          414    i.MemManage_Handler  stm32f1xx_it.o
    0x08002c16   0x08002c16   0x00000002   Code   RO          415    i.NMI_Handler       stm32f1xx_it.o
    0x08002c18   0x08002c18   0x00000120   Code   RO         1208    i.PID_Calc          pid.o
    0x08002d38   0x08002d38   0x0000001c   Code   RO         1209    i.PID_CascadeCalc   pid.o
    0x08002d54   0x08002d54   0x000000e0   Code   RO         1018    i.PID_Cascade_Init  app.o
    0x08002e34   0x08002e34   0x00000024   Code   RO         1210    i.PID_Init          pid.o
    0x08002e58   0x08002e58   0x00000138   Code   RO         1019    i.PID_out           app.o
    0x08002f90   0x08002f90   0x0000001c   Code   RO          833    i.PS2_ClearData     bsp_hal_ps2.o
    0x08002fac   0x08002fac   0x00000094   Code   RO          834    i.PS2_Cmd           bsp_hal_ps2.o
    0x08003040   0x08003040   0x000000c8   Code   RO          836    i.PS2_ReadData      bsp_hal_ps2.o
    0x08003108   0x08003108   0x00000040   Code   RO          837    i.PS2_RedLight      bsp_hal_ps2.o
    0x08003148   0x08003148   0x00000190   Code   RO          838    i.PS2_SetInit       bsp_hal_ps2.o
    0x080032d8   0x080032d8   0x0000004c   Code   RO          839    i.PS2_ShortPoll     bsp_hal_ps2.o
    0x08003324   0x08003324   0x00000002   Code   RO          416    i.PendSV_Handler    stm32f1xx_it.o
    0x08003326   0x08003326   0x00000004   Code   RO         1242    i.QueueOverflow_Dispose  can_communication.o
    0x0800332a   0x0800332a   0x00000002   PAD
    0x0800332c   0x0800332c   0x00000028   Code   RO         1020    i.RotaryPWMAdd      app.o
    0x08003354   0x08003354   0x00000028   Code   RO         1021    i.RotaryPWMMinus    app.o
    0x0800337c   0x0800337c   0x00000020   Code   RO         1377    i.SLAVE_DCMotorMiniwatt_CANinit  slave_dcmotorminiwatt.o
    0x0800339c   0x0800339c   0x00000040   Code   RO         1378    i.SLAVE_DCMotorMiniwatt_Init  slave_dcmotorminiwatt.o
    0x080033dc   0x080033dc   0x00000004   Code   RO         1381    i.SLAVE_DCMotorMiniwatt_PlaceRead  slave_dcmotorminiwatt.o
    0x080033e0   0x080033e0   0x000000e4   Code   RO         1382    i.SLAVE_DCMotorMiniwatt_ProtocolDefinitions  slave_dcmotorminiwatt.o
    0x080034c4   0x080034c4   0x0000000e   Code   RO         1383    i.SLAVE_DCMotorMiniwatt_SpeedRead  slave_dcmotorminiwatt.o
    0x080034d2   0x080034d2   0x0000000e   Code   RO         1384    i.SLAVE_DCMotorMiniwatt_SpeedSet  slave_dcmotorminiwatt.o
    0x080034e0   0x080034e0   0x00000020   Code   RO         1450    i.SLAVE_SteeringEngine6CH_CANinit  slave_steeringengine_6ch.o
    0x08003500   0x08003500   0x00000034   Code   RO         1453    i.SLAVE_SteeringEngine6CH_Init  slave_steeringengine_6ch.o
    0x08003534   0x08003534   0x0000015c   Code   RO         1454    i.SLAVE_SteeringEngine6CH_MoreMotorControl  slave_steeringengine_6ch.o
    0x08003690   0x08003690   0x0000013a   Code   RO         1458    i.SLAVE_SteeringEngine_6CH_ProtocolDefinitions  slave_steeringengine_6ch.o
    0x080037ca   0x080037ca   0x00000002   Code   RO          417    i.SVC_Handler       stm32f1xx_it.o
    0x080037cc   0x080037cc   0x00000048   Code   RO         1243    i.SendUsedPG        can_communication.o
    0x08003814   0x08003814   0x00000040   Code   RO         1022    i.ServoSetPluseAndTime  app.o
    0x08003854   0x08003854   0x00000004   Code   RO          418    i.SysTick_Handler   stm32f1xx_it.o
    0x08003858   0x08003858   0x0000004e   Code   RO           14    i.SystemClock_Config  main.o
    0x080038a6   0x080038a6   0x00000002   PAD
    0x080038a8   0x080038a8   0x00000048   Code   RO          578    i.SystemInit        system_stm32f1xx.o
    0x080038f0   0x080038f0   0x0000000c   Code   RO          419    i.TIM2_IRQHandler   stm32f1xx_it.o
    0x080038fc   0x080038fc   0x0000000c   Code   RO          420    i.TIM3_IRQHandler   stm32f1xx_it.o
    0x08003908   0x08003908   0x0000006c   Code   RO         3186    i.TIM_Base_SetConfig  stm32f1xx_hal_tim.o
    0x08003974   0x08003974   0x00000014   Code   RO         3197    i.TIM_ETR_SetConfig  stm32f1xx_hal_tim.o
    0x08003988   0x08003988   0x00000010   Code   RO         3198    i.TIM_ITRx_SetConfig  stm32f1xx_hal_tim.o
    0x08003998   0x08003998   0x00000022   Code   RO         3204    i.TIM_TI1_ConfigInputStage  stm32f1xx_hal_tim.o
    0x080039ba   0x080039ba   0x00000024   Code   RO         3206    i.TIM_TI2_ConfigInputStage  stm32f1xx_hal_tim.o
    0x080039de   0x080039de   0x0000001c   Code   RO         1244    i.Tim_CheckTimeOut  can_communication.o
    0x080039fa   0x080039fa   0x00000002   PAD
    0x080039fc   0x080039fc   0x00000010   Code   RO         1245    i.Tim_GetCurrentTimeAdd_Scan1MS  can_communication.o
    0x08003a0c   0x08003a0c   0x0000008c   Code   RO         1023    i.TimeBreakExecution_Handler  app.o
    0x08003a98   0x08003a98   0x00000014   Code   RO          719    i.Timer_SetHandler  bsp_hal_time.o
    0x08003aac   0x08003aac   0x00000010   Code   RO         4062    i.UART_DMAAbortOnError  stm32f1xx_hal_uart.o
    0x08003abc   0x08003abc   0x0000001c   Code   RO         4072    i.UART_EndRxTransfer  stm32f1xx_hal_uart.o
    0x08003ad8   0x08003ad8   0x00000096   Code   RO         4074    i.UART_Receive_IT   stm32f1xx_hal_uart.o
    0x08003b6e   0x08003b6e   0x00000002   PAD
    0x08003b70   0x08003b70   0x000000b8   Code   RO         4075    i.UART_SetConfig    stm32f1xx_hal_uart.o
    0x08003c28   0x08003c28   0x00000062   Code   RO         4076    i.UART_Transmit_IT  stm32f1xx_hal_uart.o
    0x08003c8a   0x08003c8a   0x00000002   PAD
    0x08003c8c   0x08003c8c   0x0000000c   Code   RO          421    i.USART1_IRQHandler  stm32f1xx_it.o
    0x08003c98   0x08003c98   0x0000000c   Code   RO          422    i.USART2_IRQHandler  stm32f1xx_it.o
    0x08003ca4   0x08003ca4   0x0000000c   Code   RO          423    i.USART3_IRQHandler  stm32f1xx_it.o
    0x08003cb0   0x08003cb0   0x0000000c   Code   RO          424    i.USB_LP_CAN1_RX0_IRQHandler  stm32f1xx_it.o
    0x08003cbc   0x08003cbc   0x0000003c   Code   RO          913    i.UnderpanControl_Init  underpancontrol_motor.o
    0x08003cf8   0x08003cf8   0x00000002   Code   RO          425    i.UsageFault_Handler  stm32f1xx_it.o
    0x08003cfa   0x08003cfa   0x00000002   PAD
    0x08003cfc   0x08003cfc   0x00000014   Code   RO         1024    i.Wireless_CIRCLE   app.o
    0x08003d10   0x08003d10   0x00000014   Code   RO         1025    i.Wireless_DOWN     app.o
    0x08003d24   0x08003d24   0x00000014   Code   RO         1026    i.Wireless_FORK     app.o
    0x08003d38   0x08003d38   0x00000014   Code   RO         1027    i.Wireless_L1       app.o
    0x08003d4c   0x08003d4c   0x00000014   Code   RO         1028    i.Wireless_LEFT     app.o
    0x08003d60   0x08003d60   0x00000014   Code   RO         1029    i.Wireless_R1       app.o
    0x08003d74   0x08003d74   0x00000014   Code   RO         1030    i.Wireless_REC      app.o
    0x08003d88   0x08003d88   0x00000014   Code   RO         1031    i.Wireless_RIGHT    app.o
    0x08003d9c   0x08003d9c   0x00000014   Code   RO         1032    i.Wireless_TRI      app.o
    0x08003db0   0x08003db0   0x00000014   Code   RO         1033    i.Wireless_UP       app.o
    0x08003dc4   0x08003dc4   0x00000020   Code   RO         2287    i.__NVIC_SetPriority  stm32f1xx_hal_cortex.o
    0x08003de4   0x08003de4   0x0000000e   Code   RO         4434    i.__scatterload_copy  mc_w.l(handlers.o)
    0x08003df2   0x08003df2   0x00000002   Code   RO         4435    i.__scatterload_null  mc_w.l(handlers.o)
    0x08003df4   0x08003df4   0x0000000e   Code   RO         4436    i.__scatterload_zeroinit  mc_w.l(handlers.o)
    0x08003e02   0x08003e02   0x00000008   Code   RO          953    i.button_attach     separate_button.o
    0x08003e0a   0x08003e0a   0x0000011c   Code   RO          954    i.button_handler    separate_button.o
    0x08003f26   0x08003f26   0x00000032   Code   RO          955    i.button_init       separate_button.o
    0x08003f58   0x08003f58   0x00000024   Code   RO          956    i.button_start      separate_button.o
    0x08003f7c   0x08003f7c   0x0000001c   Code   RO          958    i.button_ticks      separate_button.o
    0x08003f98   0x08003f98   0x00000012   Code   RO          841    i.delay_us          bsp_hal_ps2.o
    0x08003faa   0x08003faa   0x00000036   Code   RO           15    i.main              main.o
    0x08003fe0   0x08003fe0   0x000000c0   Code   RO         1246    i.xCreate           can_communication.o
    0x080040a0   0x080040a0   0x00000010   Data   RO          579    .constdata          system_stm32f1xx.o
    0x080040b0   0x080040b0   0x00000008   Data   RO          580    .constdata          system_stm32f1xx.o
    0x080040b8   0x080040b8   0x00000020   Data   RO         4432    Region$$Table       anon$$obj.o


    Execution Region RW_IRAM1 (Exec base: 0x20000000, Load base: 0x080040d8, Size: 0x000010b8, Max: 0x00005000, ABSOLUTE)

    Exec Addr    Load Addr    Size         Type   Attr      Idx    E Section Name        Object

    0x20000000   0x080040d8   0x00000004   Data   RW          581    .data               system_stm32f1xx.o
    0x20000004   0x080040dc   0x00000008   Data   RW          720    .data               bsp_hal_time.o
    0x2000000c   0x080040e4   0x00000008   Data   RW          844    .data               bsp_hal_ps2.o
    0x20000014   0x080040ec   0x00000004   Data   RW          960    .data               separate_button.o
    0x20000018   0x080040f0   0x00000020   Data   RW         1035    .data               app.o
    0x20000038   0x08004110   0x00000006   Data   RW         1247    .data               can_communication.o
    0x2000003e   0x08004116   0x00000002   PAD
    0x20000040   0x08004118   0x00000004   Data   RW         1385    .data               slave_dcmotorminiwatt.o
    0x20000044   0x0800411c   0x00000004   Data   RW         1459    .data               slave_steeringengine_6ch.o
    0x20000048   0x08004120   0x0000000c   Data   RW         1824    .data               stm32f1xx_hal.o
    0x20000054        -       0x00000028   Zero   RW          192    .bss                can.o
    0x2000007c        -       0x000000b0   Zero   RW          259    .bss                spi.o
    0x2000012c        -       0x00000080   Zero   RW          307    .bss                tim.o
    0x200001ac        -       0x00000258   Zero   RW          356    .bss                usart.o
    0x20000404        -       0x00000144   Zero   RW          766    .bss                bsp_hal_can.o
    0x20000548        -       0x000004b4   Zero   RW         1034    .bss                app.o
    0x200009fc        -       0x000002b8   Zero   RW         1335    .bss                can_communication_canconfig.o
    0x20000cb4   0x0800412c   0x00000004   PAD
    0x20000cb8        -       0x00000400   Zero   RW            1    STACK               startup_stm32f103xb.o


==============================================================================

Image component sizes


      Code (inc. data)   RO Data    RW Data    ZI Data      Debug   Object Name

      2480        262          0         32       1204      21777   app.o
       356         24          0          0        324       6216   bsp_hal_can.o
         0          0          0          0          0        620   bsp_hal_gpio.o
       934         36          0          8          0       7057   bsp_hal_ps2.o
        68         24          0          8          0       1819   bsp_hal_time.o
       220         28          0          0         40       1771   can.o
      1000         38          0          6          0       9449   can_communication.o
        44          4          0          0        696       3733   can_communication_canconfig.o
       124          4          0          0          0        834   dma.o
       312         18          0          0          0       1063   gpio.o
       134          0          0          0          0     440004   main.o
       352          0          0          0          0       2364   pid.o
       406         10          0          4          0       5508   separate_button.o
       356          8          0          4          0       6902   slave_dcmotorminiwatt.o
       746          8          0          4          0       6840   slave_steeringengine_6ch.o
       324         40          0          0        176       2398   spi.o
        36          8        236          0       1024        828   startup_stm32f103xb.o
       164         28          0         12          0       6125   stm32f1xx_hal.o
      1608          0          0          0          0      14219   stm32f1xx_hal_can.o
       198         14          0          0          0      29123   stm32f1xx_hal_cortex.o
       584         36          0          0          0       2835   stm32f1xx_hal_dma.o
       500         34          0          0          0       3631   stm32f1xx_hal_gpio.o
        60          8          0          0          0        902   stm32f1xx_hal_msp.o
      1272        100          0          0          0       5364   stm32f1xx_hal_rcc.o
       124          0          0          0          0       1259   stm32f1xx_hal_spi.o
       882         14          0          0          0       9945   stm32f1xx_hal_tim.o
        70          0          0          0          0       2465   stm32f1xx_hal_tim_ex.o
       852         12          0          0          0       7383   stm32f1xx_hal_uart.o
       164         72          0          0          0       9589   stm32f1xx_it.o
        72         16         24          4          0       1247   system_stm32f1xx.o
       300         24          0          0        128       2439   tim.o
        60          0          0          0          0       3979   underpancontrol_motor.o
       808         62          0          0        600       3690   usart.o

    ----------------------------------------------------------------------
     15638        932        292         84       4196     623378   Object Totals
         0          0         32          0          0          0   (incl. Generated)
        28          0          0          2          4          0   (incl. Padding)

    ----------------------------------------------------------------------

      Code (inc. data)   RO Data    RW Data    ZI Data      Debug   Library Member Name

         0          0          0          0          0          0   entry.o
         0          0          0          0          0          0   entry10a.o
         0          0          0          0          0          0   entry11a.o
         8          4          0          0          0          0   entry2.o
         4          0          0          0          0          0   entry5.o
         0          0          0          0          0          0   entry7b.o
         0          0          0          0          0          0   entry8b.o
         8          4          0          0          0          0   entry9a.o
        30          0          0          0          0          0   handlers.o
        36          8          0          0          0         68   init.o
         0          0          0          0          0          0   iusefp.o
        36          0          0          0          0         68   memcpya.o
        36          0          0          0          0        108   memseta.o
        20          0          0          0          0         68   cfrcmple.o
       176          0          0          0          0        140   fadd.o
       110          0          0          0          0        168   fepilogue.o
        50          0          0          0          0         68   ffixi.o
        18          0          0          0          0         68   fflti.o
        10          0          0          0          0         68   ffltui.o
       100          0          0          0          0         76   fmul.o
        24          0          0          0          0         68   fscalb.o

    ----------------------------------------------------------------------
       670         16          0          0          0        968   Library Totals
         4          0          0          0          0          0   (incl. Padding)

    ----------------------------------------------------------------------

      Code (inc. data)   RO Data    RW Data    ZI Data      Debug   Library Name

       158         16          0          0          0        244   mc_w.l
       508          0          0          0          0        724   mf_w.l

    ----------------------------------------------------------------------
       670         16          0          0          0        968   Library Totals

    ----------------------------------------------------------------------

==============================================================================


      Code (inc. data)   RO Data    RW Data    ZI Data      Debug   

     16308        948        292         84       4196     614930   Grand Totals
     16308        948        292         84       4196     614930   ELF Image Totals
     16308        948        292         84          0          0   ROM Totals

==============================================================================

    Total RO  Size (Code + RO Data)                16600 (  16.21kB)
    Total RW  Size (RW Data + ZI Data)              4280 (   4.18kB)
    Total ROM Size (Code + RO Data + RW Data)      16684 (  16.29kB)

==============================================================================

